Archive member included because of file (symbol)

/Users/william/Applications/openlpc/bin/../lib/gcc/arm-none-eabi/4.5.2/../../../../arm-none-eabi/lib/libc.a(lib_a-printf.o)
                              main.o (printf)
/Users/william/Applications/openlpc/bin/../lib/gcc/arm-none-eabi/4.5.2/../../../../arm-none-eabi/lib/libc.a(lib_a-vfprintf.o)
                              /Users/william/Applications/openlpc/bin/../lib/gcc/arm-none-eabi/4.5.2/../../../../arm-none-eabi/lib/libc.a(lib_a-printf.o) (_vfprintf_r)
/Users/william/Applications/openlpc/bin/../lib/gcc/arm-none-eabi/4.5.2/../../../../arm-none-eabi/lib/libc.a(lib_a-wsetup.o)
                              /Users/william/Applications/openlpc/bin/../lib/gcc/arm-none-eabi/4.5.2/../../../../arm-none-eabi/lib/libc.a(lib_a-vfprintf.o) (__swsetup_r)
/Users/william/Applications/openlpc/bin/../lib/gcc/arm-none-eabi/4.5.2/../../../../arm-none-eabi/lib/libc.a(lib_a-dtoa.o)
                              /Users/william/Applications/openlpc/bin/../lib/gcc/arm-none-eabi/4.5.2/../../../../arm-none-eabi/lib/libc.a(lib_a-vfprintf.o) (_dtoa_r)
/Users/william/Applications/openlpc/bin/../lib/gcc/arm-none-eabi/4.5.2/../../../../arm-none-eabi/lib/libc.a(lib_a-fflush.o)
                              /Users/william/Applications/openlpc/bin/../lib/gcc/arm-none-eabi/4.5.2/../../../../arm-none-eabi/lib/libc.a(lib_a-vfprintf.o) (_fflush_r)
/Users/william/Applications/openlpc/bin/../lib/gcc/arm-none-eabi/4.5.2/../../../../arm-none-eabi/lib/libc.a(lib_a-findfp.o)
                              /Users/william/Applications/openlpc/bin/../lib/gcc/arm-none-eabi/4.5.2/../../../../arm-none-eabi/lib/libc.a(lib_a-vfprintf.o) (__sinit)
/Users/william/Applications/openlpc/bin/../lib/gcc/arm-none-eabi/4.5.2/../../../../arm-none-eabi/lib/libc.a(lib_a-freer.o)
                              /Users/william/Applications/openlpc/bin/../lib/gcc/arm-none-eabi/4.5.2/../../../../arm-none-eabi/lib/libc.a(lib_a-wsetup.o) (_free_r)
/Users/william/Applications/openlpc/bin/../lib/gcc/arm-none-eabi/4.5.2/../../../../arm-none-eabi/lib/libc.a(lib_a-fwalk.o)
                              /Users/william/Applications/openlpc/bin/../lib/gcc/arm-none-eabi/4.5.2/../../../../arm-none-eabi/lib/libc.a(lib_a-findfp.o) (_fwalk)
/Users/william/Applications/openlpc/bin/../lib/gcc/arm-none-eabi/4.5.2/../../../../arm-none-eabi/lib/libc.a(lib_a-impure.o)
                              /Users/william/Applications/openlpc/bin/../lib/gcc/arm-none-eabi/4.5.2/../../../../arm-none-eabi/lib/libc.a(lib_a-printf.o) (_impure_ptr)
/Users/william/Applications/openlpc/bin/../lib/gcc/arm-none-eabi/4.5.2/../../../../arm-none-eabi/lib/libc.a(lib_a-locale.o)
                              /Users/william/Applications/openlpc/bin/../lib/gcc/arm-none-eabi/4.5.2/../../../../arm-none-eabi/lib/libc.a(lib_a-vfprintf.o) (_localeconv_r)
/Users/william/Applications/openlpc/bin/../lib/gcc/arm-none-eabi/4.5.2/../../../../arm-none-eabi/lib/libc.a(lib_a-makebuf.o)
                              /Users/william/Applications/openlpc/bin/../lib/gcc/arm-none-eabi/4.5.2/../../../../arm-none-eabi/lib/libc.a(lib_a-wsetup.o) (__smakebuf_r)
/Users/william/Applications/openlpc/bin/../lib/gcc/arm-none-eabi/4.5.2/../../../../arm-none-eabi/lib/libc.a(lib_a-mallocr.o)
                              /Users/william/Applications/openlpc/bin/../lib/gcc/arm-none-eabi/4.5.2/../../../../arm-none-eabi/lib/libc.a(lib_a-findfp.o) (_malloc_r)
/Users/william/Applications/openlpc/bin/../lib/gcc/arm-none-eabi/4.5.2/../../../../arm-none-eabi/lib/libc.a(lib_a-memchr.o)
                              /Users/william/Applications/openlpc/bin/../lib/gcc/arm-none-eabi/4.5.2/../../../../arm-none-eabi/lib/libc.a(lib_a-vfprintf.o) (memchr)
/Users/william/Applications/openlpc/bin/../lib/gcc/arm-none-eabi/4.5.2/../../../../arm-none-eabi/lib/libc.a(lib_a-memcpy.o)
                              /Users/william/Applications/openlpc/bin/../lib/gcc/arm-none-eabi/4.5.2/../../../../arm-none-eabi/lib/libc.a(lib_a-dtoa.o) (memcpy)
/Users/william/Applications/openlpc/bin/../lib/gcc/arm-none-eabi/4.5.2/../../../../arm-none-eabi/lib/libc.a(lib_a-memset.o)
                              /Users/william/Applications/openlpc/bin/../lib/gcc/arm-none-eabi/4.5.2/../../../../arm-none-eabi/lib/libc.a(lib_a-findfp.o) (memset)
/Users/william/Applications/openlpc/bin/../lib/gcc/arm-none-eabi/4.5.2/../../../../arm-none-eabi/lib/libc.a(lib_a-mlock.o)
                              /Users/william/Applications/openlpc/bin/../lib/gcc/arm-none-eabi/4.5.2/../../../../arm-none-eabi/lib/libc.a(lib_a-freer.o) (__malloc_lock)
/Users/william/Applications/openlpc/bin/../lib/gcc/arm-none-eabi/4.5.2/../../../../arm-none-eabi/lib/libc.a(lib_a-mprec.o)
                              /Users/william/Applications/openlpc/bin/../lib/gcc/arm-none-eabi/4.5.2/../../../../arm-none-eabi/lib/libc.a(lib_a-dtoa.o) (_Balloc)
/Users/william/Applications/openlpc/bin/../lib/gcc/arm-none-eabi/4.5.2/../../../../arm-none-eabi/lib/libc.a(lib_a-s_fpclassify.o)
[...]
Memory Configuration

Name             Origin             Length             Attributes
rom              0x00004000         0x0007c000         xr
ram              0x40000000         0x00008000         rw
ram_usb_dma      0x7fd00000         0x00002000         rw
*default*        0x00000000         0xffffffff

Linker script and memory map

LOAD main.o
LOAD /Users/william/Applications/openlpc/bin/../lib/gcc/arm-none-eabi/4.5.2/../../../../arm-none-eabi/lib/libc.a
LOAD /Users/william/Applications/openlpc/bin/../lib/gcc/arm-none-eabi/4.5.2/../../../../arm-none-eabi/lib/libm.a
LOAD /Users/william/Applications/openlpc/bin/../lib/gcc/arm-none-eabi/4.5.2/../../../../arm-none-eabi/lib/libstartup.lpc2148.a
LOAD /Users/william/Applications/openlpc/bin/../lib/gcc/arm-none-eabi/4.5.2/../../../../arm-none-eabi/lib/liblpc2148.lpc2148.a
START GROUP
LOAD /Users/william/Applications/openlpc/bin/../lib/gcc/arm-none-eabi/4.5.2/libgcc.a
LOAD /Users/william/Applications/openlpc/bin/../lib/gcc/arm-none-eabi/4.5.2/../../../../arm-none-eabi/lib/libc.a
END GROUP
                0x40000d30                PROVIDE (__cs3_heap_start, _end)
                0x40008000                PROVIDE (__cs3_heap_end, (__cs3_region_start_ram + __cs3_region_size_ram))
                0x00000001                PROVIDE (__cs3_region_num, ((__cs3_regions_end - __cs3_regions) / 0x14))
                0x40008000                PROVIDE (__cs3_stack, (__cs3_region_start_ram + __cs3_region_size_ram))
                0x40007ffc                _stack_end = 0x40007ffc
                0x00004000                . = 0x4000

.text           0x00004000     0x8ff8
 CREATE_OBJECT_SYMBOLS
                0x00004000                __cs3_region_start_rom = .
 *(.cs3.region-head.rom)
                0x00004001                ASSERT ((. == __cs3_region_start_rom), .cs3.region-head.rom not permitted)
 *(.startup)
 .startup       0x00004000       0x60 /Users/william/Applications/openlpc/bin/../lib/gcc/arm-none-eabi/4.5.2/../../../../arm-none-eabi/lib/libstartup.lpc2148.a(crt0.o)
                0x00004000                _start
 *(.text.cs3.init)
 *(.text .text.* .gnu.linkonce.t.*)
 .text          0x00004060      0x210 main.o
                0x00004060                main
 .text          0x00004270        0x0 /Users/william/Applications/openlpc/bin/../lib/gcc/arm-none-eabi/4.5.2/../../../../arm-none-eabi/lib/libc.a(lib_a-printf.o)
 .text._printf_r
                0x00004270       0x28 /Users/william/Applications/openlpc/bin/../lib/gcc/arm-none-eabi/4.5.2/../../../../arm-none-eabi/lib/libc.a(lib_a-printf.o)
                0x00004270                _printf_r
 .text.printf   0x00004298       0x34 /Users/william/Applications/openlpc/bin/../lib/gcc/arm-none-eabi/4.5.2/../../../../arm-none-eabi/lib/libc.a(lib_a-printf.o)
                0x00004298                printf
 .text          0x000042cc        0x0 /Users/william/Applications/openlpc/bin/../lib/gcc/arm-none-eabi/4.5.2/../../../../arm-none-eabi/lib/libc.a(lib_a-vfprintf.o)
 .text._vfprintf_r
                0x000042cc     0x1aa8 /Users/william/Applications/openlpc/bin/../lib/gcc/arm-none-eabi/4.5.2/../../../../arm-none-eabi/lib/libc.a(lib_a-vfprintf.o)
                0x000042cc                _vfprintf_r
 .text.vfprintf
                0x00005d74       0x2c /Users/william/Applications/openlpc/bin/../lib/gcc/arm-none-eabi/4.5.2/../../../../arm-none-eabi/lib/libc.a(lib_a-vfprintf.o)
                0x00005d74                vfprintf
 .text          0x00005da0        0x0 /Users/william/Applications/openlpc/bin/../lib/gcc/arm-none-eabi/4.5.2/../../../../arm-none-eabi/lib/libc.a(lib_a-wsetup.o)
 .text.__swsetup_r
                0x00005da0      0x114 /Users/william/Applications/openlpc/bin/../lib/gcc/arm-none-eabi/4.5.2/../../../../arm-none-eabi/lib/libc.a(lib_a-wsetup.o)
                0x00005da0                __swsetup_r
 .text          0x00005eb4        0x0 /Users/william/Applications/openlpc/bin/../lib/gcc/arm-none-eabi/4.5.2/../../../../arm-none-eabi/lib/libc.a(lib_a-dtoa.o)
 .text.quorem   0x00005eb4      0x1ac /Users/william/Applications/openlpc/bin/../lib/gcc/arm-none-eabi/4.5.2/../../../../arm-none-eabi/lib/libc.a(lib_a-dtoa.o)
 .text._dtoa_r  0x00006060     0x12f4 /Users/william/Applications/openlpc/bin/../lib/gcc/arm-none-eabi/4.5.2/../../../../arm-none-eabi/lib/libc.a(lib_a-dtoa.o)
                0x00006060                _dtoa_r
 .text          0x00007354        0x0 /Users/william/Applications/openlpc/bin/../lib/gcc/arm-none-eabi/4.5.2/../../../../arm-none-eabi/lib/libc.a(lib_a-fflush.o)
 .text._fflush_r
                0x00007354      0x224 /Users/william/Applications/openlpc/bin/../lib/gcc/arm-none-eabi/4.5.2/../../../../arm-none-eabi/lib/libc.a(lib_a-fflush.o)
                0x00007354                _fflush_r
 .text.fflush   0x00007578       0x40 /Users/william/Applications/openlpc/bin/../lib/gcc/arm-none-eabi/4.5.2/../../../../arm-none-eabi/lib/libc.a(lib_a-fflush.o)
                0x00007578                fflush
 .text          0x000075b8        0x0 /Users/william/Applications/openlpc/bin/../lib/gcc/arm-none-eabi/4.5.2/../../../../arm-none-eabi/lib/libc.a(lib_a-findfp.o)
 .text.__fp_lock
                0x000075b8        0x8 /Users/william/Applications/openlpc/bin/../lib/gcc/arm-none-eabi/4.5.2/../../../../arm-none-eabi/lib/libc.a(lib_a-findfp.o)
 .text.__fp_unlock
                0x000075c0        0x8 /Users/william/Applications/openlpc/bin/../lib/gcc/arm-none-eabi/4.5.2/../../../../arm-none-eabi/lib/libc.a(lib_a-findfp.o)
 .text._cleanup_r
                0x000075c8       0x18 /Users/william/Applications/openlpc/bin/../lib/gcc/arm-none-eabi/4.5.2/../../../../arm-none-eabi/lib/libc.a(lib_a-findfp.o)
                0x000075c8                _cleanup_r
 .text.std.clone.0
                0x000075e0       0x7c /Users/william/Applications/openlpc/bin/../lib/gcc/arm-none-eabi/4.5.2/../../../../arm-none-eabi/lib/libc.a(lib_a-findfp.o)
 .text.__sfmoreglue
                0x0000765c       0x44 /Users/william/Applications/openlpc/bin/../lib/gcc/arm-none-eabi/4.5.2/../../../../arm-none-eabi/lib/libc.a(lib_a-findfp.o)
                0x0000765c                __sfmoreglue
 .text._cleanup
                0x000076a0       0x10 /Users/william/Applications/openlpc/bin/../lib/gcc/arm-none-eabi/4.5.2/../../../../arm-none-eabi/lib/libc.a(lib_a-findfp.o)
                0x000076a0                _cleanup
 .text.__sinit  0x000076b0       0x74 /Users/william/Applications/openlpc/bin/../lib/gcc/arm-none-eabi/4.5.2/../../../../arm-none-eabi/lib/libc.a(lib_a-findfp.o)
                0x000076b0                __sinit
 .text.__sfp    0x00007724       0xdc /Users/william/Applications/openlpc/bin/../lib/gcc/arm-none-eabi/4.5.2/../../../../arm-none-eabi/lib/libc.a(lib_a-findfp.o)
                0x00007724                __sfp
 .text.__sfp_lock_acquire
                0x00007800        0x4 /Users/william/Applications/openlpc/bin/../lib/gcc/arm-none-eabi/4.5.2/../../../../arm-none-eabi/lib/libc.a(lib_a-findfp.o)
                0x00007800                __sfp_lock_acquire
 .text.__sfp_lock_release
                0x00007804        0x4 /Users/william/Applications/openlpc/bin/../lib/gcc/arm-none-eabi/4.5.2/../../../../arm-none-eabi/lib/libc.a(lib_a-findfp.o)
                0x00007804                __sfp_lock_release
 .text.__sinit_lock_acquire
                0x00007808        0x4 /Users/william/Applications/openlpc/bin/../lib/gcc/arm-none-eabi/4.5.2/../../../../arm-none-eabi/lib/libc.a(lib_a-findfp.o)
                0x00007808                __sinit_lock_acquire
 .text.__sinit_lock_release
                0x0000780c        0x4 /Users/william/Applications/openlpc/bin/../lib/gcc/arm-none-eabi/4.5.2/../../../../arm-none-eabi/lib/libc.a(lib_a-findfp.o)
                0x0000780c                __sinit_lock_release
 .text.__fp_lock_all
                0x00007810       0x24 /Users/william/Applications/openlpc/bin/../lib/gcc/arm-none-eabi/4.5.2/../../../../arm-none-eabi/lib/libc.a(lib_a-findfp.o)
                0x00007810                __fp_lock_all
 .text.__fp_unlock_all
                0x00007834       0x24 /Users/william/Applications/openlpc/bin/../lib/gcc/arm-none-eabi/4.5.2/../../../../arm-none-eabi/lib/libc.a(lib_a-findfp.o)
                0x00007834                __fp_unlock_all
 .text          0x00007858        0x0 /Users/william/Applications/openlpc/bin/../lib/gcc/arm-none-eabi/4.5.2/../../../../arm-none-eabi/lib/libc.a(lib_a-freer.o)
 .text._malloc_trim_r
                0x00007858       0xf8 /Users/william/Applications/openlpc/bin/../lib/gcc/arm-none-eabi/4.5.2/../../../../arm-none-eabi/lib/libc.a(lib_a-freer.o)
                0x00007858                _malloc_trim_r
 .text._free_r  0x00007950      0x248 /Users/william/Applications/openlpc/bin/../lib/gcc/arm-none-eabi/4.5.2/../../../../arm-none-eabi/lib/libc.a(lib_a-freer.o)
                0x00007950                _free_r
 .text          0x00007b98        0x0 /Users/william/Applications/openlpc/bin/../lib/gcc/arm-none-eabi/4.5.2/../../../../arm-none-eabi/lib/libc.a(lib_a-fwalk.o)
 .text._fwalk   0x00007b98       0x78 /Users/william/Applications/openlpc/bin/../lib/gcc/arm-none-eabi/4.5.2/../../../../arm-none-eabi/lib/libc.a(lib_a-fwalk.o)
                0x00007b98                _fwalk
 .text._fwalk_reent
                0x00007c10       0x7c /Users/william/Applications/openlpc/bin/../lib/gcc/arm-none-eabi/4.5.2/../../../../arm-none-eabi/lib/libc.a(lib_a-fwalk.o)
                0x00007c10                _fwalk_reent
 .text          0x00007c8c        0x0 /Users/william/Applications/openlpc/bin/../lib/gcc/arm-none-eabi/4.5.2/../../../../arm-none-eabi/lib/libc.a(lib_a-impure.o)
 .text          0x00007c8c        0x0 /Users/william/Applications/openlpc/bin/../lib/gcc/arm-none-eabi/4.5.2/../../../../arm-none-eabi/lib/libc.a(lib_a-locale.o)
 .text._setlocale_r
                0x00007c8c       0x6c /Users/william/Applications/openlpc/bin/../lib/gcc/arm-none-eabi/4.5.2/../../../../arm-none-eabi/lib/libc.a(lib_a-locale.o)
                0x00007c8c                _setlocale_r
 .text.__locale_charset
                0x00007cf8        0xc /Users/william/Applications/openlpc/bin/../lib/gcc/arm-none-eabi/4.5.2/../../../../arm-none-eabi/lib/libc.a(lib_a-locale.o)
                0x00007cf8                __locale_charset
 .text.__locale_mb_cur_max
                0x00007d04       0x10 /Users/william/Applications/openlpc/bin/../lib/gcc/arm-none-eabi/4.5.2/../../../../arm-none-eabi/lib/libc.a(lib_a-locale.o)
                0x00007d04                __locale_mb_cur_max
 .text.__locale_msgcharset
                0x00007d14        0xc /Users/william/Applications/openlpc/bin/../lib/gcc/arm-none-eabi/4.5.2/../../../../arm-none-eabi/lib/libc.a(lib_a-locale.o)
                0x00007d14                __locale_msgcharset
 .text.__locale_cjk_lang
                0x00007d20        0x8 /Users/william/Applications/openlpc/bin/../lib/gcc/arm-none-eabi/4.5.2/../../../../arm-none-eabi/lib/libc.a(lib_a-locale.o)
                0x00007d20                __locale_cjk_lang
 .text._localeconv_r
                0x00007d28        0xc /Users/william/Applications/openlpc/bin/../lib/gcc/arm-none-eabi/4.5.2/../../../../arm-none-eabi/lib/libc.a(lib_a-locale.o)
                0x00007d28                _localeconv_r
 .text.setlocale
                0x00007d34       0x1c /Users/william/Applications/openlpc/bin/../lib/gcc/arm-none-eabi/4.5.2/../../../../arm-none-eabi/lib/libc.a(lib_a-locale.o)
                0x00007d34                setlocale
 .text.localeconv
                0x00007d50        0xc /Users/william/Applications/openlpc/bin/../lib/gcc/arm-none-eabi/4.5.2/../../../../arm-none-eabi/lib/libc.a(lib_a-locale.o)
                0x00007d50                localeconv
 .text          0x00007d5c        0x0 /Users/william/Applications/openlpc/bin/../lib/gcc/arm-none-eabi/4.5.2/../../../../arm-none-eabi/lib/libc.a(lib_a-makebuf.o)
 .text.__smakebuf_r
                0x00007d5c      0x158 /Users/william/Applications/openlpc/bin/../lib/gcc/arm-none-eabi/4.5.2/../../../../arm-none-eabi/lib/libc.a(lib_a-makebuf.o)
                0x00007d5c                __smakebuf_r
 .text          0x00007eb4        0x0 /Users/william/Applications/openlpc/bin/../lib/gcc/arm-none-eabi/4.5.2/../../../../arm-none-eabi/lib/libc.a(lib_a-mallocr.o)
 .text._malloc_r
                0x00007eb4      0x5f4 /Users/william/Applications/openlpc/bin/../lib/gcc/arm-none-eabi/4.5.2/../../../../arm-none-eabi/lib/libc.a(lib_a-mallocr.o)
                0x00007eb4                _malloc_r
 .text          0x000084a8        0x0 /Users/william/Applications/openlpc/bin/../lib/gcc/arm-none-eabi/4.5.2/../../../../arm-none-eabi/lib/libc.a(lib_a-memchr.o)
 .text.memchr   0x000084a8       0x30 /Users/william/Applications/openlpc/bin/../lib/gcc/arm-none-eabi/4.5.2/../../../../arm-none-eabi/lib/libc.a(lib_a-memchr.o)
                0x000084a8                memchr
 .text          0x000084d8        0x0 /Users/william/Applications/openlpc/bin/../lib/gcc/arm-none-eabi/4.5.2/../../../../arm-none-eabi/lib/libc.a(lib_a-memcpy.o)
 .text.memcpy   0x000084d8       0x20 /Users/william/Applications/openlpc/bin/../lib/gcc/arm-none-eabi/4.5.2/../../../../arm-none-eabi/lib/libc.a(lib_a-memcpy.o)
                0x000084d8                memcpy
 .text          0x000084f8        0x0 /Users/william/Applications/openlpc/bin/../lib/gcc/arm-none-eabi/4.5.2/../../../../arm-none-eabi/lib/libc.a(lib_a-memset.o)
 .text.memset   0x000084f8       0x1c /Users/william/Applications/openlpc/bin/../lib/gcc/arm-none-eabi/4.5.2/../../../../arm-none-eabi/lib/libc.a(lib_a-memset.o)
                0x000084f8                memset
 .text          0x00008514        0x0 /Users/william/Applications/openlpc/bin/../lib/gcc/arm-none-eabi/4.5.2/../../../../arm-none-eabi/lib/libc.a(lib_a-mlock.o)
 .text.__malloc_lock
                0x00008514        0x4 /Users/william/Applications/openlpc/bin/../lib/gcc/arm-none-eabi/4.5.2/../../../../arm-none-eabi/lib/libc.a(lib_a-mlock.o)
                0x00008514                __malloc_lock
 .text.__malloc_unlock
                0x00008518        0x4 /Users/william/Applications/openlpc/bin/../lib/gcc/arm-none-eabi/4.5.2/../../../../arm-none-eabi/lib/libc.a(lib_a-mlock.o)
                0x00008518                __malloc_unlock
 .text          0x0000851c        0x0 /Users/william/Applications/openlpc/bin/../lib/gcc/arm-none-eabi/4.5.2/../../../../arm-none-eabi/lib/libc.a(lib_a-mprec.o)
 .text._Balloc  0x0000851c       0x80 /Users/william/Applications/openlpc/bin/../lib/gcc/arm-none-eabi/4.5.2/../../../../arm-none-eabi/lib/libc.a(lib_a-mprec.o)
                0x0000851c                _Balloc
 .text._Bfree   0x0000859c       0x1c /Users/william/Applications/openlpc/bin/../lib/gcc/arm-none-eabi/4.5.2/../../../../arm-none-eabi/lib/libc.a(lib_a-mprec.o)
                0x0000859c                _Bfree
 .text.__multadd
                0x000085b8       0xbc /Users/william/Applications/openlpc/bin/../lib/gcc/arm-none-eabi/4.5.2/../../../../arm-none-eabi/lib/libc.a(lib_a-mprec.o)
                0x000085b8                __multadd
 .text.__s2b    0x00008674       0xd0 /Users/william/Applications/openlpc/bin/../lib/gcc/arm-none-eabi/4.5.2/../../../../arm-none-eabi/lib/libc.a(lib_a-mprec.o)
                0x00008674                __s2b
 .text.__hi0bits
                0x00008744       0x58 /Users/william/Applications/openlpc/bin/../lib/gcc/arm-none-eabi/4.5.2/../../../../arm-none-eabi/lib/libc.a(lib_a-mprec.o)
                0x00008744                __hi0bits
 .text.__lo0bits
                0x0000879c       0x90 /Users/william/Applications/openlpc/bin/../lib/gcc/arm-none-eabi/4.5.2/../../../../arm-none-eabi/lib/libc.a(lib_a-mprec.o)
                0x0000879c                __lo0bits
 .text.__i2b    0x0000882c       0x24 /Users/william/Applications/openlpc/bin/../lib/gcc/arm-none-eabi/4.5.2/../../../../arm-none-eabi/lib/libc.a(lib_a-mprec.o)
                0x0000882c                __i2b
 .text.__multiply
                0x00008850      0x1a8 /Users/william/Applications/openlpc/bin/../lib/gcc/arm-none-eabi/4.5.2/../../../../arm-none-eabi/lib/libc.a(lib_a-mprec.o)
                0x00008850                __multiply
 .text.__pow5mult
                0x000089f8       0xdc /Users/william/Applications/openlpc/bin/../lib/gcc/arm-none-eabi/4.5.2/../../../../arm-none-eabi/lib/libc.a(lib_a-mprec.o)
                0x000089f8                __pow5mult
 .text.__lshift
                0x00008ad4       0xe4 /Users/william/Applications/openlpc/bin/../lib/gcc/arm-none-eabi/4.5.2/../../../../arm-none-eabi/lib/libc.a(lib_a-mprec.o)
                0x00008ad4                __lshift
 .text.__mcmp   0x00008bb8       0x68 /Users/william/Applications/openlpc/bin/../lib/gcc/arm-none-eabi/4.5.2/../../../../arm-none-eabi/lib/libc.a(lib_a-mprec.o)
                0x00008bb8                __mcmp
 .text.__mdiff  0x00008c20      0x12c /Users/william/Applications/openlpc/bin/../lib/gcc/arm-none-eabi/4.5.2/../../../../arm-none-eabi/lib/libc.a(lib_a-mprec.o)
                0x00008c20                __mdiff
 .text.__ulp    0x00008d4c       0x5c /Users/william/Applications/openlpc/bin/../lib/gcc/arm-none-eabi/4.5.2/../../../../arm-none-eabi/lib/libc.a(lib_a-mprec.o)
                0x00008d4c                __ulp
 .text.__b2d    0x00008da8       0xc0 /Users/william/Applications/openlpc/bin/../lib/gcc/arm-none-eabi/4.5.2/../../../../arm-none-eabi/lib/libc.a(lib_a-mprec.o)
                0x00008da8                __b2d
 .text.__d2b    0x00008e68      0x100 /Users/william/Applications/openlpc/bin/../lib/gcc/arm-none-eabi/4.5.2/../../../../arm-none-eabi/lib/libc.a(lib_a-mprec.o)
                0x00008e68                __d2b
 .text.__ratio  0x00008f68       0x74 /Users/william/Applications/openlpc/bin/../lib/gcc/arm-none-eabi/4.5.2/../../../../arm-none-eabi/lib/libc.a(lib_a-mprec.o)
                0x00008f68                __ratio
 .text._mprec_log10
                0x00008fdc       0x4c /Users/william/Applications/openlpc/bin/../lib/gcc/arm-none-eabi/4.5.2/../../../../arm-none-eabi/lib/libc.a(lib_a-mprec.o)
                0x00008fdc                _mprec_log10
 .text.__copybits
                0x00009028       0x4c /Users/william/Applications/openlpc/bin/../lib/gcc/arm-none-eabi/4.5.2/../../../../arm-none-eabi/lib/libc.a(lib_a-mprec.o)
                0x00009028                __copybits
 .text.__any_on
                0x00009074       0x70 /Users/william/Applications/openlpc/bin/../lib/gcc/arm-none-eabi/4.5.2/../../../../arm-none-eabi/lib/libc.a(lib_a-mprec.o)
                0x00009074                __any_on
 .text          0x000090e4        0x0 /Users/william/Applications/openlpc/bin/../lib/gcc/arm-none-eabi/4.5.2/../../../../arm-none-eabi/lib/libc.a(lib_a-s_fpclassify.o)
 .text.__fpclassifyd
                0x000090e4       0x8c /Users/william/Applications/openlpc/bin/../lib/gcc/arm-none-eabi/4.5.2/../../../../arm-none-eabi/lib/libc.a(lib_a-s_fpclassify.o)
                0x000090e4                __fpclassifyd
 .text          0x00009170        0x0 /Users/william/Applications/openlpc/bin/../lib/gcc/arm-none-eabi/4.5.2/../../../../arm-none-eabi/lib/libc.a(lib_a-sbrkr.o)
 .text._sbrk_r  0x00009170       0x3c /Users/william/Applications/openlpc/bin/../lib/gcc/arm-none-eabi/4.5.2/../../../../arm-none-eabi/lib/libc.a(lib_a-sbrkr.o)
                0x00009170                _sbrk_r
 .text          0x000091ac        0x0 /Users/william/Applications/openlpc/bin/../lib/gcc/arm-none-eabi/4.5.2/../../../../arm-none-eabi/lib/libc.a(lib_a-stdio.o)
 .text.__sread  0x000091ac       0x34 /Users/william/Applications/openlpc/bin/../lib/gcc/arm-none-eabi/4.5.2/../../../../arm-none-eabi/lib/libc.a(lib_a-stdio.o)
                0x000091ac                __sread
 .text.__seofread
                0x000091e0        0x8 /Users/william/Applications/openlpc/bin/../lib/gcc/arm-none-eabi/4.5.2/../../../../arm-none-eabi/lib/libc.a(lib_a-stdio.o)
                0x000091e0                __seofread
 .text.__swrite
                0x000091e8       0x54 /Users/william/Applications/openlpc/bin/../lib/gcc/arm-none-eabi/4.5.2/../../../../arm-none-eabi/lib/libc.a(lib_a-stdio.o)
                0x000091e8                __swrite
 .text.__sseek  0x0000923c       0x34 /Users/william/Applications/openlpc/bin/../lib/gcc/arm-none-eabi/4.5.2/../../../../arm-none-eabi/lib/libc.a(lib_a-stdio.o)
                0x0000923c                __sseek
 .text.__sclose
                0x00009270       0x14 /Users/william/Applications/openlpc/bin/../lib/gcc/arm-none-eabi/4.5.2/../../../../arm-none-eabi/lib/libc.a(lib_a-stdio.o)
                0x00009270                __sclose
 .text          0x00009284        0x0 /Users/william/Applications/openlpc/bin/../lib/gcc/arm-none-eabi/4.5.2/../../../../arm-none-eabi/lib/libc.a(lib_a-strcmp.o)
 .text.strcmp   0x00009284       0x1c /Users/william/Applications/openlpc/bin/../lib/gcc/arm-none-eabi/4.5.2/../../../../arm-none-eabi/lib/libc.a(lib_a-strcmp.o)
                0x00009284                strcmp
 .text          0x000092a0        0x0 /Users/william/Applications/openlpc/bin/../lib/gcc/arm-none-eabi/4.5.2/../../../../arm-none-eabi/lib/libc.a(lib_a-strlen.o)
 .text.strlen   0x000092a0       0x1c /Users/william/Applications/openlpc/bin/../lib/gcc/arm-none-eabi/4.5.2/../../../../arm-none-eabi/lib/libc.a(lib_a-strlen.o)
                0x000092a0                strlen
 .text          0x000092bc        0x0 /Users/william/Applications/openlpc/bin/../lib/gcc/arm-none-eabi/4.5.2/../../../../arm-none-eabi/lib/libc.a(lib_a-vfiprintf.o)
 .text.__sprint_r
                0x000092bc       0xb4 /Users/william/Applications/openlpc/bin/../lib/gcc/arm-none-eabi/4.5.2/../../../../arm-none-eabi/lib/libc.a(lib_a-vfiprintf.o)
                0x000092bc                __sprint_r
 .text._vfiprintf_r
                0x00009370      0xddc /Users/william/Applications/openlpc/bin/../lib/gcc/arm-none-eabi/4.5.2/../../../../arm-none-eabi/lib/libc.a(lib_a-vfiprintf.o)
                0x00009370                _vfiprintf_r
 .text.vfiprintf
                0x0000a14c       0x2c /Users/william/Applications/openlpc/bin/../lib/gcc/arm-none-eabi/4.5.2/../../../../arm-none-eabi/lib/libc.a(lib_a-vfiprintf.o)
                0x0000a14c                vfiprintf
 .text          0x0000a178        0x0 /Users/william/Applications/openlpc/bin/../lib/gcc/arm-none-eabi/4.5.2/../../../../arm-none-eabi/lib/libc.a(lib_a-writer.o)
 .text._write_r
                0x0000a178       0x44 /Users/william/Applications/openlpc/bin/../lib/gcc/arm-none-eabi/4.5.2/../../../../arm-none-eabi/lib/libc.a(lib_a-writer.o)
                0x0000a178                _write_r
 .text          0x0000a1bc        0x0 /Users/william/Applications/openlpc/bin/../lib/gcc/arm-none-eabi/4.5.2/../../../../arm-none-eabi/lib/libc.a(lib_a-callocr.o)
 .text._calloc_r
                0x0000a1bc       0x9c /Users/william/Applications/openlpc/bin/../lib/gcc/arm-none-eabi/4.5.2/../../../../arm-none-eabi/lib/libc.a(lib_a-callocr.o)
                0x0000a1bc                _calloc_r
 .text          0x0000a258        0x0 /Users/william/Applications/openlpc/bin/../lib/gcc/arm-none-eabi/4.5.2/../../../../arm-none-eabi/lib/libc.a(lib_a-closer.o)
 .text._close_r
                0x0000a258       0x3c /Users/william/Applications/openlpc/bin/../lib/gcc/arm-none-eabi/4.5.2/../../../../arm-none-eabi/lib/libc.a(lib_a-closer.o)
                0x0000a258                _close_r
 .text          0x0000a294        0x0 /Users/william/Applications/openlpc/bin/../lib/gcc/arm-none-eabi/4.5.2/../../../../arm-none-eabi/lib/libc.a(lib_a-fclose.o)
 .text._fclose_r
                0x0000a294       0xdc /Users/william/Applications/openlpc/bin/../lib/gcc/arm-none-eabi/4.5.2/../../../../arm-none-eabi/lib/libc.a(lib_a-fclose.o)
                0x0000a294                _fclose_r
 .text.fclose   0x0000a370       0x14 /Users/william/Applications/openlpc/bin/../lib/gcc/arm-none-eabi/4.5.2/../../../../arm-none-eabi/lib/libc.a(lib_a-fclose.o)
                0x0000a370                fclose
 .text          0x0000a384        0x0 /Users/william/Applications/openlpc/bin/../lib/gcc/arm-none-eabi/4.5.2/../../../../arm-none-eabi/lib/libc.a(lib_a-fputwc.o)
 .text._fputwc_r
                0x0000a384      0x148 /Users/william/Applications/openlpc/bin/../lib/gcc/arm-none-eabi/4.5.2/../../../../arm-none-eabi/lib/libc.a(lib_a-fputwc.o)
                0x0000a384                _fputwc_r
 .text.fputwc   0x0000a4cc       0x40 /Users/william/Applications/openlpc/bin/../lib/gcc/arm-none-eabi/4.5.2/../../../../arm-none-eabi/lib/libc.a(lib_a-fputwc.o)
                0x0000a4cc                fputwc
 .text          0x0000a50c        0x0 /Users/william/Applications/openlpc/bin/../lib/gcc/arm-none-eabi/4.5.2/../../../../arm-none-eabi/lib/libc.a(lib_a-fstatr.o)
 .text._fstat_r
                0x0000a50c       0x40 /Users/william/Applications/openlpc/bin/../lib/gcc/arm-none-eabi/4.5.2/../../../../arm-none-eabi/lib/libc.a(lib_a-fstatr.o)
                0x0000a50c                _fstat_r
 .text          0x0000a54c        0x0 /Users/william/Applications/openlpc/bin/../lib/gcc/arm-none-eabi/4.5.2/../../../../arm-none-eabi/lib/libc.a(lib_a-fvwrite.o)
 .text.__sfvwrite_r
                0x0000a54c      0x45c /Users/william/Applications/openlpc/bin/../lib/gcc/arm-none-eabi/4.5.2/../../../../arm-none-eabi/lib/libc.a(lib_a-fvwrite.o)
                0x0000a54c                __sfvwrite_r
 .text          0x0000a9a8        0x0 /Users/william/Applications/openlpc/bin/../lib/gcc/arm-none-eabi/4.5.2/../../../../arm-none-eabi/lib/libc.a(lib_a-isattyr.o)
 .text._isatty_r
                0x0000a9a8       0x3c /Users/william/Applications/openlpc/bin/../lib/gcc/arm-none-eabi/4.5.2/../../../../arm-none-eabi/lib/libc.a(lib_a-isattyr.o)
                0x0000a9a8                _isatty_r
 .text          0x0000a9e4        0x0 /Users/william/Applications/openlpc/bin/../lib/gcc/arm-none-eabi/4.5.2/../../../../arm-none-eabi/lib/libc.a(lib_a-lseekr.o)
 .text._lseek_r
                0x0000a9e4       0x44 /Users/william/Applications/openlpc/bin/../lib/gcc/arm-none-eabi/4.5.2/../../../../arm-none-eabi/lib/libc.a(lib_a-lseekr.o)
                0x0000a9e4                _lseek_r
 .text          0x0000aa28        0x0 /Users/william/Applications/openlpc/bin/../lib/gcc/arm-none-eabi/4.5.2/../../../../arm-none-eabi/lib/libc.a(lib_a-memmove.o)
 .text.memmove  0x0000aa28       0x4c /Users/william/Applications/openlpc/bin/../lib/gcc/arm-none-eabi/4.5.2/../../../../arm-none-eabi/lib/libc.a(lib_a-memmove.o)
                0x0000aa28                memmove
 .text          0x0000aa74        0x0 /Users/william/Applications/openlpc/bin/../lib/gcc/arm-none-eabi/4.5.2/../../../../arm-none-eabi/lib/libc.a(lib_a-readr.o)
 .text._read_r  0x0000aa74       0x44 /Users/william/Applications/openlpc/bin/../lib/gcc/arm-none-eabi/4.5.2/../../../../arm-none-eabi/lib/libc.a(lib_a-readr.o)
                0x0000aa74                _read_r
 .text          0x0000aab8        0x0 /Users/william/Applications/openlpc/bin/../lib/gcc/arm-none-eabi/4.5.2/../../../../arm-none-eabi/lib/libc.a(lib_a-reallocr.o)
 .text._realloc_r
                0x0000aab8      0x49c /Users/william/Applications/openlpc/bin/../lib/gcc/arm-none-eabi/4.5.2/../../../../arm-none-eabi/lib/libc.a(lib_a-reallocr.o)
                0x0000aab8                _realloc_r
 .text          0x0000af54        0x0 /Users/william/Applications/openlpc/bin/../lib/gcc/arm-none-eabi/4.5.2/../../../../arm-none-eabi/lib/libc.a(lib_a-reent.o)
 .text.cleanup_glue
                0x0000af54       0x2c /Users/william/Applications/openlpc/bin/../lib/gcc/arm-none-eabi/4.5.2/../../../../arm-none-eabi/lib/libc.a(lib_a-reent.o)
                0x0000af54                cleanup_glue
 .text._reclaim_reent
                0x0000af80       0xf8 /Users/william/Applications/openlpc/bin/../lib/gcc/arm-none-eabi/4.5.2/../../../../arm-none-eabi/lib/libc.a(lib_a-reent.o)
                0x0000af80                _reclaim_reent
 .text._wrapup_reent
                0x0000b078       0x68 /Users/william/Applications/openlpc/bin/../lib/gcc/arm-none-eabi/4.5.2/../../../../arm-none-eabi/lib/libc.a(lib_a-reent.o)
                0x0000b078                _wrapup_reent
 .text          0x0000b0e0        0x0 /Users/william/Applications/openlpc/bin/../lib/gcc/arm-none-eabi/4.5.2/../../../../arm-none-eabi/lib/libc.a(lib_a-wbuf.o)
 .text.__swbuf_r
                0x0000b0e0      0x120 /Users/william/Applications/openlpc/bin/../lib/gcc/arm-none-eabi/4.5.2/../../../../arm-none-eabi/lib/libc.a(lib_a-wbuf.o)
                0x0000b0e0                __swbuf_r
 .text.__swbuf  0x0000b200       0x1c /Users/william/Applications/openlpc/bin/../lib/gcc/arm-none-eabi/4.5.2/../../../../arm-none-eabi/lib/libc.a(lib_a-wbuf.o)
                0x0000b200                __swbuf
 .text          0x0000b21c        0x0 /Users/william/Applications/openlpc/bin/../lib/gcc/arm-none-eabi/4.5.2/../../../../arm-none-eabi/lib/libc.a(lib_a-wcrtomb.o)
 .text._wcrtomb_r
                0x0000b21c       0x88 /Users/william/Applications/openlpc/bin/../lib/gcc/arm-none-eabi/4.5.2/../../../../arm-none-eabi/lib/libc.a(lib_a-wcrtomb.o)
                0x0000b21c                _wcrtomb_r
 .text.wcrtomb  0x0000b2a4       0x2c /Users/william/Applications/openlpc/bin/../lib/gcc/arm-none-eabi/4.5.2/../../../../arm-none-eabi/lib/libc.a(lib_a-wcrtomb.o)
                0x0000b2a4                wcrtomb
 .text          0x0000b2d0        0x0 /Users/william/Applications/openlpc/bin/../lib/gcc/arm-none-eabi/4.5.2/../../../../arm-none-eabi/lib/libc.a(lib_a-wctomb_r.o)
 .text.__ascii_wctomb
                0x0000b2d0       0x2c /Users/william/Applications/openlpc/bin/../lib/gcc/arm-none-eabi/4.5.2/../../../../arm-none-eabi/lib/libc.a(lib_a-wctomb_r.o)
                0x0000b2d0                __ascii_wctomb
 .text._wctomb_r
                0x0000b2fc       0x48 /Users/william/Applications/openlpc/bin/../lib/gcc/arm-none-eabi/4.5.2/../../../../arm-none-eabi/lib/libc.a(lib_a-wctomb_r.o)
                0x0000b2fc                _wctomb_r
 .text          0x0000b344      0x160 /Users/william/Applications/openlpc/bin/../lib/gcc/arm-none-eabi/4.5.2/../../../../arm-none-eabi/lib/libstartup.lpc2148.a(syscalls.o)
                0x0000b344                _write
                0x0000b430                _read
 .text          0x0000b4a4       0x40 /Users/william/Applications/openlpc/bin/../lib/gcc/arm-none-eabi/4.5.2/../../../../arm-none-eabi/lib/libstartup.lpc2148.a(crt0.o)
                0x0000b4a4                _open
                0x0000b4ac                __write
                0x0000b4b4                __read
                0x0000b4bc                _close
                0x0000b4c4                _lseek
                0x0000b4cc                _fstat
                0x0000b4d4                _isatty
                0x0000b4dc                ioctl
 .text          0x0000b4e4      0x47c /Users/william/Applications/openlpc/bin/../lib/gcc/arm-none-eabi/4.5.2/../../../../arm-none-eabi/lib/liblpc2148.lpc2148.a(openlpc.o)
                0x0000b4e4                delay_subms
                0x0000b53c                delay_ms
                0x0000b554                clear_interval
                0x0000b5d4                clear_timeout
                0x0000b5e4                VIC_registerIRQ
                0x0000b628                openlpc_init
                0x0000b6e4                disableInts
                0x0000b6f4                restoreInts
                0x0000b82c                set_timeout
                0x0000b840                set_interval
                0x0000b930                _sbrk
 .text          0x0000b960      0x114 /Users/william/Applications/openlpc/bin/../lib/gcc/arm-none-eabi/4.5.2/libgcc.a(_udivsi3.o)
                0x0000b960                __udivsi3
                0x0000b960                __aeabi_uidiv
                0x0000ba54                __aeabi_uidivmod
 .text          0x0000ba74      0x148 /Users/william/Applications/openlpc/bin/../lib/gcc/arm-none-eabi/4.5.2/libgcc.a(_divsi3.o)
                0x0000ba74                __aeabi_idiv
                0x0000ba74                __divsi3
                0x0000bb9c                __aeabi_idivmod
 .text          0x0000bbbc        0x4 /Users/william/Applications/openlpc/bin/../lib/gcc/arm-none-eabi/4.5.2/libgcc.a(_dvmd_tls.o)
                0x0000bbbc                __aeabi_ldiv0
                0x0000bbbc                __aeabi_idiv0
 .text          0x0000bbc0      0x41c /Users/william/Applications/openlpc/bin/../lib/gcc/arm-none-eabi/4.5.2/libgcc.a(_arm_addsubdf3.o)
                0x0000bbc0                __aeabi_drsub
                0x0000bbc8                __subdf3
                0x0000bbc8                __aeabi_dsub
                0x0000bbcc                __aeabi_dadd
                0x0000bbcc                __adddf3
                0x0000bedc                __aeabi_ui2d
                0x0000bedc                __floatunsidf
                0x0000bf00                __floatsidf
                0x0000bf00                __aeabi_i2d
                0x0000bf28                __extendsfdf2
                0x0000bf28                __aeabi_f2d
                0x0000bf68                __aeabi_ul2d
                0x0000bf68                __floatundidf
                0x0000bf7c                __aeabi_l2d
                0x0000bf7c                __floatdidf
 .text          0x0000bfdc      0x49c /Users/william/Applications/openlpc/bin/../lib/gcc/arm-none-eabi/4.5.2/libgcc.a(_arm_muldivdf3.o)
                0x0000bfdc                __aeabi_dmul
                0x0000bfdc                __muldf3
                0x0000c26c                __aeabi_ddiv
                0x0000c26c                __divdf3
 .text          0x0000c478      0x144 /Users/william/Applications/openlpc/bin/../lib/gcc/arm-none-eabi/4.5.2/libgcc.a(_arm_cmpdf2.o)
                0x0000c478                __gtdf2
                0x0000c478                __gedf2
                0x0000c480                __ltdf2
                0x0000c480                __ledf2
                0x0000c488                __eqdf2
                0x0000c488                __nedf2
                0x0000c488                __cmpdf2
                0x0000c510                __aeabi_cdrcmple
                0x0000c52c                __aeabi_cdcmple
                0x0000c52c                __aeabi_cdcmpeq
                0x0000c544                __aeabi_dcmpeq
                0x0000c55c                __aeabi_dcmplt
                0x0000c574                __aeabi_dcmple
                0x0000c58c                __aeabi_dcmpge
                0x0000c5a4                __aeabi_dcmpgt
 .text          0x0000c5bc       0x5c /Users/william/Applications/openlpc/bin/../lib/gcc/arm-none-eabi/4.5.2/libgcc.a(_arm_fixdfsi.o)
                0x0000c5bc                __fixdfsi
                0x0000c5bc                __aeabi_d2iz
 .text          0x0000c618       0x3c /Users/william/Applications/openlpc/bin/../lib/gcc/arm-none-eabi/4.5.2/libgcc.a(_aeabi_uldivmod.o)
                0x0000c618                __aeabi_uldivmod
 .text          0x0000c654       0x80 /Users/william/Applications/openlpc/bin/../lib/gcc/arm-none-eabi/4.5.2/libgcc.a(bpabi.o)
                0x0000c654                __gnu_ldivmod_helper
                0x0000c694                __gnu_uldivmod_helper
 .text          0x0000c6d4      0x4a8 /Users/william/Applications/openlpc/bin/../lib/gcc/arm-none-eabi/4.5.2/libgcc.a(_divdi3.o)
                0x0000c6d4                __divdi3
 .text          0x0000cb7c      0x434 /Users/william/Applications/openlpc/bin/../lib/gcc/arm-none-eabi/4.5.2/libgcc.a(_udivdi3.o)
                0x0000cb7c                __udivdi3
 .text          0x0000cfb0       0x48 /Users/william/Applications/openlpc/bin/../lib/gcc/arm-none-eabi/4.5.2/libgcc.a(_clzsi2.o)
                0x0000cfb0                __clzsi2
 *(.plt)
 *(.gnu.warning)
 *(.glue_7t)
 .glue_7t       0x00000000        0x0 linker stubs
 *(.glue_7)
 .glue_7        0x00000000        0x0 linker stubs
 *(.vfp11_veneer)
 .vfp11_veneer  0x00000000        0x0 linker stubs
 *(.ARM.extab* .gnu.linkonce.armextab.*)
 .ARM.extab     0x0000cff8        0x0 /Users/william/Applications/openlpc/bin/../lib/gcc/arm-none-eabi/4.5.2/libgcc.a(_divdi3.o)
 .ARM.extab     0x0000cff8        0x0 /Users/william/Applications/openlpc/bin/../lib/gcc/arm-none-eabi/4.5.2/libgcc.a(_udivdi3.o)
 *(.gcc_except_table)

.v4_bx          0x0000cff8        0x0
 .v4_bx         0x00000000        0x0 linker stubs

.eh_frame_hdr
 *(.eh_frame_hdr)

.eh_frame
 *(.eh_frame)
                0x0000cff8                PROVIDE (__exidx_start, .)

.ARM.exidx      0x0000cff8        0x8
 *(.ARM.exidx* .gnu.linkonce.armexidx.*)
 .ARM.exidx     0x0000cff8        0x8 /Users/william/Applications/openlpc/bin/../lib/gcc/arm-none-eabi/4.5.2/libgcc.a(_divdi3.o)
 .ARM.exidx     0x0000d000        0x0 /Users/william/Applications/openlpc/bin/../lib/gcc/arm-none-eabi/4.5.2/libgcc.a(_udivdi3.o)
                                  0x8 (size before relaxing)
                0x0000d000                PROVIDE (__exidx_end, .)

.rodata         0x0000d000      0x1d8
 *(.rodata .rodata.* .gnu.linkonce.r.*)
 .rodata.str1.4
                0x0000d000       0x10 main.o
 .rodata.blanks.6605
                0x0000d010       0x10 /Users/william/Applications/openlpc/bin/../lib/gcc/arm-none-eabi/4.5.2/../../../../arm-none-eabi/lib/libc.a(lib_a-vfprintf.o)
 .rodata.str1.1
                0x0000d020       0x34 /Users/william/Applications/openlpc/bin/../lib/gcc/arm-none-eabi/4.5.2/../../../../arm-none-eabi/lib/libc.a(lib_a-vfprintf.o)
 .rodata.zeroes.6606
                0x0000d054       0x10 /Users/william/Applications/openlpc/bin/../lib/gcc/arm-none-eabi/4.5.2/../../../../arm-none-eabi/lib/libc.a(lib_a-vfprintf.o)
 .rodata.str1.1
                0x0000d064        0xd /Users/william/Applications/openlpc/bin/../lib/gcc/arm-none-eabi/4.5.2/../../../../arm-none-eabi/lib/libc.a(lib_a-dtoa.o)
                                  0xf (size before relaxing)
 .rodata.str1.1
                0x0000d071        0x2 /Users/william/Applications/openlpc/bin/../lib/gcc/arm-none-eabi/4.5.2/../../../../arm-none-eabi/lib/libc.a(lib_a-impure.o)
 *fill*         0x0000d073        0x1 00
 .rodata._global_impure_ptr
                0x0000d074        0x4 /Users/william/Applications/openlpc/bin/../lib/gcc/arm-none-eabi/4.5.2/../../../../arm-none-eabi/lib/libc.a(lib_a-impure.o)
                0x0000d074                _global_impure_ptr
 .rodata.str1.1
                0x0000d078        0x8 /Users/william/Applications/openlpc/bin/../lib/gcc/arm-none-eabi/4.5.2/../../../../arm-none-eabi/lib/libc.a(lib_a-locale.o)
                                  0xb (size before relaxing)
 .rodata.__mprec_tens
                0x0000d080       0xc8 /Users/william/Applications/openlpc/bin/../lib/gcc/arm-none-eabi/4.5.2/../../../../arm-none-eabi/lib/libc.a(lib_a-mprec.o)
                0x0000d080                __mprec_tens
 .rodata.__mprec_bigtens
                0x0000d148       0x28 /Users/william/Applications/openlpc/bin/../lib/gcc/arm-none-eabi/4.5.2/../../../../arm-none-eabi/lib/libc.a(lib_a-mprec.o)
                0x0000d148                __mprec_bigtens
 .rodata.__mprec_tinytens
                0x0000d170       0x28 /Users/william/Applications/openlpc/bin/../lib/gcc/arm-none-eabi/4.5.2/../../../../arm-none-eabi/lib/libc.a(lib_a-mprec.o)
                0x0000d170                __mprec_tinytens
 .rodata.p05.5112
                0x0000d198        0xc /Users/william/Applications/openlpc/bin/../lib/gcc/arm-none-eabi/4.5.2/../../../../arm-none-eabi/lib/libc.a(lib_a-mprec.o)
 .rodata.str1.1
                0x00000000       0x22 /Users/william/Applications/openlpc/bin/../lib/gcc/arm-none-eabi/4.5.2/../../../../arm-none-eabi/lib/libc.a(lib_a-vfiprintf.o)
 .rodata.zeroes.6549
                0x0000d1a4       0x10 /Users/william/Applications/openlpc/bin/../lib/gcc/arm-none-eabi/4.5.2/../../../../arm-none-eabi/lib/libc.a(lib_a-vfiprintf.o)
 .rodata.blanks.6548
                0x0000d1b4       0x10 /Users/william/Applications/openlpc/bin/../lib/gcc/arm-none-eabi/4.5.2/../../../../arm-none-eabi/lib/libc.a(lib_a-vfiprintf.o)
                0x0000d1c4                . = ALIGN (0x4)
 *(.init)
                0x0000d1c4                . = ALIGN (0x4)
                0x0000d1c4                __preinit_array_start = .
 *(.preinit_array)
                0x0000d1c4                __preinit_array_end = .
                0x0000d1c4                . = ALIGN (0x4)
                0x0000d1c4                __init_array_start = .
 *(SORT(.init_array.*))
 *(.init_array)
                0x0000d1c4                __init_array_end = .
                0x0000d1c4                . = ALIGN (0x4)
 *(.fini)
                0x0000d1c4                . = ALIGN (0x4)
                0x0000d1c4                __fini_array_start = .
 *(.fini_array)
 *(SORT(.fini_array.*))
                0x0000d1c4                __fini_array_end = .
                0x0000d1c4                . = ALIGN (0x4)
 *crtbegin.o(.ctors)
 *(EXCLUDE_FILE(*crtend.o) .ctors)
 *(SORT(.ctors.*))
 *crtend.o(.ctors)
                0x0000d1c4                . = ALIGN (0x4)
 *crtbegin.o(.dtors)
 *(EXCLUDE_FILE(*crtend.o) .dtors)
 *(SORT(.dtors.*))
 *crtend.o(.dtors)
                0x0000d1c4                . = ALIGN (0x4)
                0x0000d1c4                __cs3_regions = .
                0x0000d1c4        0x4 LONG 0x0
                0x0000d1c8        0x4 LONG 0xd1d8 __cs3_region_init_ram
                0x0000d1cc        0x4 LONG 0x40000000 __cs3_region_start_ram
                0x0000d1d0        0x4 LONG 0xcc0 __cs3_region_init_size_ram
                0x0000d1d4        0x4 LONG 0x70 __cs3_region_zero_size_ram
                0x0000d1d8                __cs3_regions_end = .
                0x0000d1d8                . = ALIGN (0x8)
 *(.rom)
 *(.rom.b .bss.rom)
                0x0000d1d8                _etext = .
                0x00080000                __cs3_region_end_rom = (__cs3_region_start_rom + 0x7c000)
                0x0007c000                __cs3_region_size_rom = 0x7c000

.data           0x40000000      0xcc0 load address 0x0000d1d8
                0x40000000                _data = .
                0x40000000                __cs3_region_start_ram = .
 *(.cs3.region-head.ram)
 *(.jcr)
 *(.got.plt)
 *(.got)
 *(.shdata)
 *(.data .data.* .gnu.linkonce.d.*)
 .data          0x40000000      0x400 main.o
                0x40000000                sine_wave
 .data          0x40000400        0x0 /Users/william/Applications/openlpc/bin/../lib/gcc/arm-none-eabi/4.5.2/../../../../arm-none-eabi/lib/libc.a(lib_a-printf.o)
 .data          0x40000400        0x0 /Users/william/Applications/openlpc/bin/../lib/gcc/arm-none-eabi/4.5.2/../../../../arm-none-eabi/lib/libc.a(lib_a-vfprintf.o)
 .data          0x40000400        0x0 /Users/william/Applications/openlpc/bin/../lib/gcc/arm-none-eabi/4.5.2/../../../../arm-none-eabi/lib/libc.a(lib_a-wsetup.o)
 .data          0x40000400        0x0 /Users/william/Applications/openlpc/bin/../lib/gcc/arm-none-eabi/4.5.2/../../../../arm-none-eabi/lib/libc.a(lib_a-dtoa.o)
 .data          0x40000400        0x0 /Users/william/Applications/openlpc/bin/../lib/gcc/arm-none-eabi/4.5.2/../../../../arm-none-eabi/lib/libc.a(lib_a-fflush.o)
 .data          0x40000400        0x0 /Users/william/Applications/openlpc/bin/../lib/gcc/arm-none-eabi/4.5.2/../../../../arm-none-eabi/lib/libc.a(lib_a-findfp.o)
 .data          0x40000400        0x0 /Users/william/Applications/openlpc/bin/../lib/gcc/arm-none-eabi/4.5.2/../../../../arm-none-eabi/lib/libc.a(lib_a-freer.o)
 .data          0x40000400        0x0 /Users/william/Applications/openlpc/bin/../lib/gcc/arm-none-eabi/4.5.2/../../../../arm-none-eabi/lib/libc.a(lib_a-fwalk.o)
 .data          0x40000400        0x0 /Users/william/Applications/openlpc/bin/../lib/gcc/arm-none-eabi/4.5.2/../../../../arm-none-eabi/lib/libc.a(lib_a-impure.o)
 .data.impure_data
                0x40000400      0x428 /Users/william/Applications/openlpc/bin/../lib/gcc/arm-none-eabi/4.5.2/../../../../arm-none-eabi/lib/libc.a(lib_a-impure.o)
 .data._impure_ptr
                0x40000828        0x4 /Users/william/Applications/openlpc/bin/../lib/gcc/arm-none-eabi/4.5.2/../../../../arm-none-eabi/lib/libc.a(lib_a-impure.o)
                0x40000828                _impure_ptr
 .data          0x4000082c        0x0 /Users/william/Applications/openlpc/bin/../lib/gcc/arm-none-eabi/4.5.2/../../../../arm-none-eabi/lib/libc.a(lib_a-locale.o)
 .data.lc_message_charset
                0x4000082c       0x20 /Users/william/Applications/openlpc/bin/../lib/gcc/arm-none-eabi/4.5.2/../../../../arm-none-eabi/lib/libc.a(lib_a-locale.o)
 .data.lconv    0x4000084c       0x38 /Users/william/Applications/openlpc/bin/../lib/gcc/arm-none-eabi/4.5.2/../../../../arm-none-eabi/lib/libc.a(lib_a-locale.o)
 .data.lc_ctype_charset
                0x40000884       0x20 /Users/william/Applications/openlpc/bin/../lib/gcc/arm-none-eabi/4.5.2/../../../../arm-none-eabi/lib/libc.a(lib_a-locale.o)
 .data.__mb_cur_max
                0x400008a4        0x4 /Users/william/Applications/openlpc/bin/../lib/gcc/arm-none-eabi/4.5.2/../../../../arm-none-eabi/lib/libc.a(lib_a-locale.o)
                0x400008a4                __mb_cur_max
 .data          0x400008a8        0x0 /Users/william/Applications/openlpc/bin/../lib/gcc/arm-none-eabi/4.5.2/../../../../arm-none-eabi/lib/libc.a(lib_a-makebuf.o)
 .data          0x400008a8        0x0 /Users/william/Applications/openlpc/bin/../lib/gcc/arm-none-eabi/4.5.2/../../../../arm-none-eabi/lib/libc.a(lib_a-mallocr.o)
 .data.__malloc_av_
                0x400008a8      0x408 /Users/william/Applications/openlpc/bin/../lib/gcc/arm-none-eabi/4.5.2/../../../../arm-none-eabi/lib/libc.a(lib_a-mallocr.o)
                0x400008a8                __malloc_av_
 .data.__malloc_trim_threshold
                0x40000cb0        0x4 /Users/william/Applications/openlpc/bin/../lib/gcc/arm-none-eabi/4.5.2/../../../../arm-none-eabi/lib/libc.a(lib_a-mallocr.o)
                0x40000cb0                __malloc_trim_threshold
 .data.__malloc_sbrk_base
                0x40000cb4        0x4 /Users/william/Applications/openlpc/bin/../lib/gcc/arm-none-eabi/4.5.2/../../../../arm-none-eabi/lib/libc.a(lib_a-mallocr.o)
                0x40000cb4                __malloc_sbrk_base
 .data          0x40000cb8        0x0 /Users/william/Applications/openlpc/bin/../lib/gcc/arm-none-eabi/4.5.2/../../../../arm-none-eabi/lib/libc.a(lib_a-memchr.o)
 .data          0x40000cb8        0x0 /Users/william/Applications/openlpc/bin/../lib/gcc/arm-none-eabi/4.5.2/../../../../arm-none-eabi/lib/libc.a(lib_a-memcpy.o)
 .data          0x40000cb8        0x0 /Users/william/Applications/openlpc/bin/../lib/gcc/arm-none-eabi/4.5.2/../../../../arm-none-eabi/lib/libc.a(lib_a-memset.o)
 .data          0x40000cb8        0x0 /Users/william/Applications/openlpc/bin/../lib/gcc/arm-none-eabi/4.5.2/../../../../arm-none-eabi/lib/libc.a(lib_a-mlock.o)
 .data          0x40000cb8        0x0 /Users/william/Applications/openlpc/bin/../lib/gcc/arm-none-eabi/4.5.2/../../../../arm-none-eabi/lib/libc.a(lib_a-mprec.o)
 .data          0x40000cb8        0x0 /Users/william/Applications/openlpc/bin/../lib/gcc/arm-none-eabi/4.5.2/../../../../arm-none-eabi/lib/libc.a(lib_a-s_fpclassify.o)
 .data          0x40000cb8        0x0 /Users/william/Applications/openlpc/bin/../lib/gcc/arm-none-eabi/4.5.2/../../../../arm-none-eabi/lib/libc.a(lib_a-sbrkr.o)
 .data          0x40000cb8        0x0 /Users/william/Applications/openlpc/bin/../lib/gcc/arm-none-eabi/4.5.2/../../../../arm-none-eabi/lib/libc.a(lib_a-stdio.o)
 .data          0x40000cb8        0x0 /Users/william/Applications/openlpc/bin/../lib/gcc/arm-none-eabi/4.5.2/../../../../arm-none-eabi/lib/libc.a(lib_a-strcmp.o)
 .data          0x40000cb8        0x0 /Users/william/Applications/openlpc/bin/../lib/gcc/arm-none-eabi/4.5.2/../../../../arm-none-eabi/lib/libc.a(lib_a-strlen.o)
 .data          0x40000cb8        0x0 /Users/william/Applications/openlpc/bin/../lib/gcc/arm-none-eabi/4.5.2/../../../../arm-none-eabi/lib/libc.a(lib_a-vfiprintf.o)
 .data          0x40000cb8        0x0 /Users/william/Applications/openlpc/bin/../lib/gcc/arm-none-eabi/4.5.2/../../../../arm-none-eabi/lib/libc.a(lib_a-writer.o)
 .data          0x40000cb8        0x0 /Users/william/Applications/openlpc/bin/../lib/gcc/arm-none-eabi/4.5.2/../../../../arm-none-eabi/lib/libc.a(lib_a-callocr.o)
 .data          0x40000cb8        0x0 /Users/william/Applications/openlpc/bin/../lib/gcc/arm-none-eabi/4.5.2/../../../../arm-none-eabi/lib/libc.a(lib_a-closer.o)
 .data          0x40000cb8        0x0 /Users/william/Applications/openlpc/bin/../lib/gcc/arm-none-eabi/4.5.2/../../../../arm-none-eabi/lib/libc.a(lib_a-fclose.o)
 .data          0x40000cb8        0x0 /Users/william/Applications/openlpc/bin/../lib/gcc/arm-none-eabi/4.5.2/../../../../arm-none-eabi/lib/libc.a(lib_a-fputwc.o)
 .data          0x40000cb8        0x0 /Users/william/Applications/openlpc/bin/../lib/gcc/arm-none-eabi/4.5.2/../../../../arm-none-eabi/lib/libc.a(lib_a-fstatr.o)
 .data          0x40000cb8        0x0 /Users/william/Applications/openlpc/bin/../lib/gcc/arm-none-eabi/4.5.2/../../../../arm-none-eabi/lib/libc.a(lib_a-fvwrite.o)
 .data          0x40000cb8        0x0 /Users/william/Applications/openlpc/bin/../lib/gcc/arm-none-eabi/4.5.2/../../../../arm-none-eabi/lib/libc.a(lib_a-isattyr.o)
 .data          0x40000cb8        0x0 /Users/william/Applications/openlpc/bin/../lib/gcc/arm-none-eabi/4.5.2/../../../../arm-none-eabi/lib/libc.a(lib_a-lseekr.o)
 .data          0x40000cb8        0x0 /Users/william/Applications/openlpc/bin/../lib/gcc/arm-none-eabi/4.5.2/../../../../arm-none-eabi/lib/libc.a(lib_a-memmove.o)
 .data          0x40000cb8        0x0 /Users/william/Applications/openlpc/bin/../lib/gcc/arm-none-eabi/4.5.2/../../../../arm-none-eabi/lib/libc.a(lib_a-readr.o)
 .data          0x40000cb8        0x0 /Users/william/Applications/openlpc/bin/../lib/gcc/arm-none-eabi/4.5.2/../../../../arm-none-eabi/lib/libc.a(lib_a-reallocr.o)
 .data          0x40000cb8        0x0 /Users/william/Applications/openlpc/bin/../lib/gcc/arm-none-eabi/4.5.2/../../../../arm-none-eabi/lib/libc.a(lib_a-reent.o)
 .data          0x40000cb8        0x0 /Users/william/Applications/openlpc/bin/../lib/gcc/arm-none-eabi/4.5.2/../../../../arm-none-eabi/lib/libc.a(lib_a-wbuf.o)
 .data          0x40000cb8        0x0 /Users/william/Applications/openlpc/bin/../lib/gcc/arm-none-eabi/4.5.2/../../../../arm-none-eabi/lib/libc.a(lib_a-wcrtomb.o)
 .data          0x40000cb8        0x0 /Users/william/Applications/openlpc/bin/../lib/gcc/arm-none-eabi/4.5.2/../../../../arm-none-eabi/lib/libc.a(lib_a-wctomb_r.o)
 .data.__wctomb
                0x40000cb8        0x4 /Users/william/Applications/openlpc/bin/../lib/gcc/arm-none-eabi/4.5.2/../../../../arm-none-eabi/lib/libc.a(lib_a-wctomb_r.o)
                0x40000cb8                __wctomb
 .data          0x40000cbc        0x0 /Users/william/Applications/openlpc/bin/../lib/gcc/arm-none-eabi/4.5.2/../../../../arm-none-eabi/lib/libstartup.lpc2148.a(syscalls.o)
 .data          0x40000cbc        0x0 /Users/william/Applications/openlpc/bin/../lib/gcc/arm-none-eabi/4.5.2/../../../../arm-none-eabi/lib/libstartup.lpc2148.a(crt0.o)
 .data          0x40000cbc        0x4 /Users/william/Applications/openlpc/bin/../lib/gcc/arm-none-eabi/4.5.2/../../../../arm-none-eabi/lib/liblpc2148.lpc2148.a(openlpc.o)
 .data          0x40000cc0        0x0 /Users/william/Applications/openlpc/bin/../lib/gcc/arm-none-eabi/4.5.2/libgcc.a(_udivsi3.o)
 .data          0x40000cc0        0x0 /Users/william/Applications/openlpc/bin/../lib/gcc/arm-none-eabi/4.5.2/libgcc.a(_divsi3.o)
 .data          0x40000cc0        0x0 /Users/william/Applications/openlpc/bin/../lib/gcc/arm-none-eabi/4.5.2/libgcc.a(_dvmd_tls.o)
 .data          0x40000cc0        0x0 /Users/william/Applications/openlpc/bin/../lib/gcc/arm-none-eabi/4.5.2/libgcc.a(_arm_addsubdf3.o)
 .data          0x40000cc0        0x0 /Users/william/Applications/openlpc/bin/../lib/gcc/arm-none-eabi/4.5.2/libgcc.a(_arm_muldivdf3.o)
 .data          0x40000cc0        0x0 /Users/william/Applications/openlpc/bin/../lib/gcc/arm-none-eabi/4.5.2/libgcc.a(_arm_cmpdf2.o)
 .data          0x40000cc0        0x0 /Users/william/Applications/openlpc/bin/../lib/gcc/arm-none-eabi/4.5.2/libgcc.a(_arm_fixdfsi.o)
 .data          0x40000cc0        0x0 /Users/william/Applications/openlpc/bin/../lib/gcc/arm-none-eabi/4.5.2/libgcc.a(_aeabi_uldivmod.o)
 .data          0x40000cc0        0x0 /Users/william/Applications/openlpc/bin/../lib/gcc/arm-none-eabi/4.5.2/libgcc.a(bpabi.o)
 .data          0x40000cc0        0x0 /Users/william/Applications/openlpc/bin/../lib/gcc/arm-none-eabi/4.5.2/libgcc.a(_divdi3.o)
 .data          0x40000cc0        0x0 /Users/william/Applications/openlpc/bin/../lib/gcc/arm-none-eabi/4.5.2/libgcc.a(_udivdi3.o)
 .data          0x40000cc0        0x0 /Users/william/Applications/openlpc/bin/../lib/gcc/arm-none-eabi/4.5.2/libgcc.a(_clzsi2.o)
                0x40000cc0                . = ALIGN (0x8)
 *(.ram)
                0x40000cc0                _edata = .

.bss            0x40000cc0       0x70 load address 0x0000de98
                0x40000cc0                _bss = .
 *(.shbss)
 *(.bss .bss.* .gnu.linkonce.b.*)
 .bss           0x40000cc0        0x0 main.o
 .bss           0x40000cc0        0x0 /Users/william/Applications/openlpc/bin/../lib/gcc/arm-none-eabi/4.5.2/../../../../arm-none-eabi/lib/libc.a(lib_a-printf.o)
 .bss           0x40000cc0        0x0 /Users/william/Applications/openlpc/bin/../lib/gcc/arm-none-eabi/4.5.2/../../../../arm-none-eabi/lib/libc.a(lib_a-vfprintf.o)
 .bss           0x40000cc0        0x0 /Users/william/Applications/openlpc/bin/../lib/gcc/arm-none-eabi/4.5.2/../../../../arm-none-eabi/lib/libc.a(lib_a-wsetup.o)
 .bss           0x40000cc0        0x0 /Users/william/Applications/openlpc/bin/../lib/gcc/arm-none-eabi/4.5.2/../../../../arm-none-eabi/lib/libc.a(lib_a-dtoa.o)
 .bss           0x40000cc0        0x0 /Users/william/Applications/openlpc/bin/../lib/gcc/arm-none-eabi/4.5.2/../../../../arm-none-eabi/lib/libc.a(lib_a-fflush.o)
 .bss           0x40000cc0        0x0 /Users/william/Applications/openlpc/bin/../lib/gcc/arm-none-eabi/4.5.2/../../../../arm-none-eabi/lib/libc.a(lib_a-findfp.o)
 .bss           0x40000cc0        0x0 /Users/william/Applications/openlpc/bin/../lib/gcc/arm-none-eabi/4.5.2/../../../../arm-none-eabi/lib/libc.a(lib_a-freer.o)
 .bss           0x40000cc0        0x0 /Users/william/Applications/openlpc/bin/../lib/gcc/arm-none-eabi/4.5.2/../../../../arm-none-eabi/lib/libc.a(lib_a-fwalk.o)
 .bss           0x40000cc0        0x0 /Users/william/Applications/openlpc/bin/../lib/gcc/arm-none-eabi/4.5.2/../../../../arm-none-eabi/lib/libc.a(lib_a-impure.o)
 .bss           0x40000cc0        0x0 /Users/william/Applications/openlpc/bin/../lib/gcc/arm-none-eabi/4.5.2/../../../../arm-none-eabi/lib/libc.a(lib_a-locale.o)
 .bss._PathLocale
                0x40000cc0        0x4 /Users/william/Applications/openlpc/bin/../lib/gcc/arm-none-eabi/4.5.2/../../../../arm-none-eabi/lib/libc.a(lib_a-locale.o)
                0x40000cc0                _PathLocale
 .bss.__nlocale_changed
                0x40000cc4        0x4 /Users/william/Applications/openlpc/bin/../lib/gcc/arm-none-eabi/4.5.2/../../../../arm-none-eabi/lib/libc.a(lib_a-locale.o)
                0x40000cc4                __nlocale_changed
 .bss.__mlocale_changed
                0x40000cc8        0x4 /Users/william/Applications/openlpc/bin/../lib/gcc/arm-none-eabi/4.5.2/../../../../arm-none-eabi/lib/libc.a(lib_a-locale.o)
                0x40000cc8                __mlocale_changed
 .bss           0x40000ccc        0x0 /Users/william/Applications/openlpc/bin/../lib/gcc/arm-none-eabi/4.5.2/../../../../arm-none-eabi/lib/libc.a(lib_a-makebuf.o)
 .bss           0x40000ccc        0x0 /Users/william/Applications/openlpc/bin/../lib/gcc/arm-none-eabi/4.5.2/../../../../arm-none-eabi/lib/libc.a(lib_a-mallocr.o)
 .bss.__malloc_max_total_mem
                0x40000ccc        0x4 /Users/william/Applications/openlpc/bin/../lib/gcc/arm-none-eabi/4.5.2/../../../../arm-none-eabi/lib/libc.a(lib_a-mallocr.o)
                0x40000ccc                __malloc_max_total_mem
 .bss.__malloc_max_sbrked_mem
                0x40000cd0        0x4 /Users/william/Applications/openlpc/bin/../lib/gcc/arm-none-eabi/4.5.2/../../../../arm-none-eabi/lib/libc.a(lib_a-mallocr.o)
                0x40000cd0                __malloc_max_sbrked_mem
 .bss.__malloc_top_pad
                0x40000cd4        0x4 /Users/william/Applications/openlpc/bin/../lib/gcc/arm-none-eabi/4.5.2/../../../../arm-none-eabi/lib/libc.a(lib_a-mallocr.o)
                0x40000cd4                __malloc_top_pad
 .bss.__malloc_current_mallinfo
                0x40000cd8       0x28 /Users/william/Applications/openlpc/bin/../lib/gcc/arm-none-eabi/4.5.2/../../../../arm-none-eabi/lib/libc.a(lib_a-mallocr.o)
                0x40000cd8                __malloc_current_mallinfo
 .bss           0x40000d00        0x0 /Users/william/Applications/openlpc/bin/../lib/gcc/arm-none-eabi/4.5.2/../../../../arm-none-eabi/lib/libc.a(lib_a-memchr.o)
 .bss           0x40000d00        0x0 /Users/william/Applications/openlpc/bin/../lib/gcc/arm-none-eabi/4.5.2/../../../../arm-none-eabi/lib/libc.a(lib_a-memcpy.o)
 .bss           0x40000d00        0x0 /Users/william/Applications/openlpc/bin/../lib/gcc/arm-none-eabi/4.5.2/../../../../arm-none-eabi/lib/libc.a(lib_a-memset.o)
 .bss           0x40000d00        0x0 /Users/william/Applications/openlpc/bin/../lib/gcc/arm-none-eabi/4.5.2/../../../../arm-none-eabi/lib/libc.a(lib_a-mlock.o)
 .bss           0x40000d00        0x0 /Users/william/Applications/openlpc/bin/../lib/gcc/arm-none-eabi/4.5.2/../../../../arm-none-eabi/lib/libc.a(lib_a-mprec.o)
 .bss           0x40000d00        0x0 /Users/william/Applications/openlpc/bin/../lib/gcc/arm-none-eabi/4.5.2/../../../../arm-none-eabi/lib/libc.a(lib_a-s_fpclassify.o)
 .bss           0x40000d00        0x0 /Users/william/Applications/openlpc/bin/../lib/gcc/arm-none-eabi/4.5.2/../../../../arm-none-eabi/lib/libc.a(lib_a-sbrkr.o)
 .bss           0x40000d00        0x0 /Users/william/Applications/openlpc/bin/../lib/gcc/arm-none-eabi/4.5.2/../../../../arm-none-eabi/lib/libc.a(lib_a-stdio.o)
 .bss           0x40000d00        0x0 /Users/william/Applications/openlpc/bin/../lib/gcc/arm-none-eabi/4.5.2/../../../../arm-none-eabi/lib/libc.a(lib_a-strcmp.o)
 .bss           0x40000d00        0x0 /Users/william/Applications/openlpc/bin/../lib/gcc/arm-none-eabi/4.5.2/../../../../arm-none-eabi/lib/libc.a(lib_a-strlen.o)
 .bss           0x40000d00        0x0 /Users/william/Applications/openlpc/bin/../lib/gcc/arm-none-eabi/4.5.2/../../../../arm-none-eabi/lib/libc.a(lib_a-vfiprintf.o)
 .bss           0x40000d00        0x0 /Users/william/Applications/openlpc/bin/../lib/gcc/arm-none-eabi/4.5.2/../../../../arm-none-eabi/lib/libc.a(lib_a-writer.o)
 .bss           0x40000d00        0x0 /Users/william/Applications/openlpc/bin/../lib/gcc/arm-none-eabi/4.5.2/../../../../arm-none-eabi/lib/libc.a(lib_a-callocr.o)
 .bss           0x40000d00        0x0 /Users/william/Applications/openlpc/bin/../lib/gcc/arm-none-eabi/4.5.2/../../../../arm-none-eabi/lib/libc.a(lib_a-closer.o)
 .bss           0x40000d00        0x0 /Users/william/Applications/openlpc/bin/../lib/gcc/arm-none-eabi/4.5.2/../../../../arm-none-eabi/lib/libc.a(lib_a-fclose.o)
 .bss           0x40000d00        0x0 /Users/william/Applications/openlpc/bin/../lib/gcc/arm-none-eabi/4.5.2/../../../../arm-none-eabi/lib/libc.a(lib_a-fputwc.o)
 .bss           0x40000d00        0x0 /Users/william/Applications/openlpc/bin/../lib/gcc/arm-none-eabi/4.5.2/../../../../arm-none-eabi/lib/libc.a(lib_a-fstatr.o)
 .bss           0x40000d00        0x0 /Users/william/Applications/openlpc/bin/../lib/gcc/arm-none-eabi/4.5.2/../../../../arm-none-eabi/lib/libc.a(lib_a-fvwrite.o)
 .bss           0x40000d00        0x0 /Users/william/Applications/openlpc/bin/../lib/gcc/arm-none-eabi/4.5.2/../../../../arm-none-eabi/lib/libc.a(lib_a-isattyr.o)
 .bss           0x40000d00        0x0 /Users/william/Applications/openlpc/bin/../lib/gcc/arm-none-eabi/4.5.2/../../../../arm-none-eabi/lib/libc.a(lib_a-lseekr.o)
 .bss           0x40000d00        0x0 /Users/william/Applications/openlpc/bin/../lib/gcc/arm-none-eabi/4.5.2/../../../../arm-none-eabi/lib/libc.a(lib_a-memmove.o)
 .bss           0x40000d00        0x0 /Users/william/Applications/openlpc/bin/../lib/gcc/arm-none-eabi/4.5.2/../../../../arm-none-eabi/lib/libc.a(lib_a-readr.o)
 .bss           0x40000d00        0x0 /Users/william/Applications/openlpc/bin/../lib/gcc/arm-none-eabi/4.5.2/../../../../arm-none-eabi/lib/libc.a(lib_a-reallocr.o)
 .bss           0x40000d00        0x0 /Users/william/Applications/openlpc/bin/../lib/gcc/arm-none-eabi/4.5.2/../../../../arm-none-eabi/lib/libc.a(lib_a-reent.o)
 .bss           0x40000d00        0x0 /Users/william/Applications/openlpc/bin/../lib/gcc/arm-none-eabi/4.5.2/../../../../arm-none-eabi/lib/libc.a(lib_a-wbuf.o)
 .bss           0x40000d00        0x0 /Users/william/Applications/openlpc/bin/../lib/gcc/arm-none-eabi/4.5.2/../../../../arm-none-eabi/lib/libc.a(lib_a-wcrtomb.o)
 .bss           0x40000d00        0x0 /Users/william/Applications/openlpc/bin/../lib/gcc/arm-none-eabi/4.5.2/../../../../arm-none-eabi/lib/libc.a(lib_a-wctomb_r.o)
 .bss           0x40000d00        0x4 /Users/william/Applications/openlpc/bin/../lib/gcc/arm-none-eabi/4.5.2/../../../../arm-none-eabi/lib/libstartup.lpc2148.a(syscalls.o)
 .bss           0x40000d04        0x0 /Users/william/Applications/openlpc/bin/../lib/gcc/arm-none-eabi/4.5.2/../../../../arm-none-eabi/lib/libstartup.lpc2148.a(crt0.o)
 .bss           0x40000d04       0x24 /Users/william/Applications/openlpc/bin/../lib/gcc/arm-none-eabi/4.5.2/../../../../arm-none-eabi/lib/liblpc2148.lpc2148.a(openlpc.o)
 .bss           0x40000d28        0x0 /Users/william/Applications/openlpc/bin/../lib/gcc/arm-none-eabi/4.5.2/libgcc.a(_udivsi3.o)
 .bss           0x40000d28        0x0 /Users/william/Applications/openlpc/bin/../lib/gcc/arm-none-eabi/4.5.2/libgcc.a(_divsi3.o)
 .bss           0x40000d28        0x0 /Users/william/Applications/openlpc/bin/../lib/gcc/arm-none-eabi/4.5.2/libgcc.a(_dvmd_tls.o)
 .bss           0x40000d28        0x0 /Users/william/Applications/openlpc/bin/../lib/gcc/arm-none-eabi/4.5.2/libgcc.a(_arm_addsubdf3.o)
 .bss           0x40000d28        0x0 /Users/william/Applications/openlpc/bin/../lib/gcc/arm-none-eabi/4.5.2/libgcc.a(_arm_muldivdf3.o)
 .bss           0x40000d28        0x0 /Users/william/Applications/openlpc/bin/../lib/gcc/arm-none-eabi/4.5.2/libgcc.a(_arm_cmpdf2.o)
 .bss           0x40000d28        0x0 /Users/william/Applications/openlpc/bin/../lib/gcc/arm-none-eabi/4.5.2/libgcc.a(_arm_fixdfsi.o)
 .bss           0x40000d28        0x0 /Users/william/Applications/openlpc/bin/../lib/gcc/arm-none-eabi/4.5.2/libgcc.a(_aeabi_uldivmod.o)
 .bss           0x40000d28        0x0 /Users/william/Applications/openlpc/bin/../lib/gcc/arm-none-eabi/4.5.2/libgcc.a(bpabi.o)
 .bss           0x40000d28        0x0 /Users/william/Applications/openlpc/bin/../lib/gcc/arm-none-eabi/4.5.2/libgcc.a(_divdi3.o)
 .bss           0x40000d28        0x0 /Users/william/Applications/openlpc/bin/../lib/gcc/arm-none-eabi/4.5.2/libgcc.a(_udivdi3.o)
 .bss           0x40000d28        0x0 /Users/william/Applications/openlpc/bin/../lib/gcc/arm-none-eabi/4.5.2/libgcc.a(_clzsi2.o)
 *(COMMON)
 COMMON         0x40000d28        0x4 /Users/william/Applications/openlpc/bin/../lib/gcc/arm-none-eabi/4.5.2/../../../../arm-none-eabi/lib/libc.a(lib_a-reent.o)
                0x40000d28                errno
                0x40000d30                . = ALIGN (0x8)
 *fill*         0x40000d2c        0x4 00
 *(.ram.b .bss.ram)
                0x40000d30                _end = .
                0x40000d30                __end = .
                0x40008000                __cs3_region_end_ram = (__cs3_region_start_ram + 0x8000)
                0x00008000                __cs3_region_size_ram = 0x8000
                0x0000d1d8                __cs3_region_init_ram = LOADADDR (.data)
                0x00000cc0                __cs3_region_init_size_ram = (_edata - ADDR (.data))
                0x00000070                __cs3_region_zero_size_ram = (_end - _edata)

.stab
 *(.stab)

.stabstr
 *(.stabstr)

.debug
 *(.debug)

.line
 *(.line)

.debug_srcinfo
 *(.debug_srcinfo)

.debug_sfnames
 *(.debug_sfnames)

.comment        0x00000000       0x2a
 .comment       0x00000000       0x2a main.o
                                 0x2b (size before relaxing)
 .comment       0x00000000       0x2b /Users/william/Applications/openlpc/bin/../lib/gcc/arm-none-eabi/4.5.2/../../../../arm-none-eabi/lib/libc.a(lib_a-printf.o)
 .comment       0x00000000       0x2b /Users/william/Applications/openlpc/bin/../lib/gcc/arm-none-eabi/4.5.2/../../../../arm-none-eabi/lib/libc.a(lib_a-vfprintf.o)
 .comment       0x00000000       0x2b /Users/william/Applications/openlpc/bin/../lib/gcc/arm-none-eabi/4.5.2/../../../../arm-none-eabi/lib/libc.a(lib_a-wsetup.o)
 .comment       0x00000000       0x2b /Users/william/Applications/openlpc/bin/../lib/gcc/arm-none-eabi/4.5.2/../../../../arm-none-eabi/lib/libc.a(lib_a-dtoa.o)
 .comment       0x00000000       0x2b /Users/william/Applications/openlpc/bin/../lib/gcc/arm-none-eabi/4.5.2/../../../../arm-none-eabi/lib/libc.a(lib_a-fflush.o)
 .comment       0x00000000       0x2b /Users/william/Applications/openlpc/bin/../lib/gcc/arm-none-eabi/4.5.2/../../../../arm-none-eabi/lib/libc.a(lib_a-findfp.o)
 .comment       0x00000000       0x2b /Users/william/Applications/openlpc/bin/../lib/gcc/arm-none-eabi/4.5.2/../../../../arm-none-eabi/lib/libc.a(lib_a-freer.o)
 .comment       0x00000000       0x2b /Users/william/Applications/openlpc/bin/../lib/gcc/arm-none-eabi/4.5.2/../../../../arm-none-eabi/lib/libc.a(lib_a-fwalk.o)
 .comment       0x00000000       0x2b /Users/william/Applications/openlpc/bin/../lib/gcc/arm-none-eabi/4.5.2/../../../../arm-none-eabi/lib/libc.a(lib_a-impure.o)
 .comment       0x00000000       0x2b /Users/william/Applications/openlpc/bin/../lib/gcc/arm-none-eabi/4.5.2/../../../../arm-none-eabi/lib/libc.a(lib_a-locale.o)
 .comment       0x00000000       0x2b /Users/william/Applications/openlpc/bin/../lib/gcc/arm-none-eabi/4.5.2/../../../../arm-none-eabi/lib/libc.a(lib_a-makebuf.o)
 .comment       0x00000000       0x2b /Users/william/Applications/openlpc/bin/../lib/gcc/arm-none-eabi/4.5.2/../../../../arm-none-eabi/lib/libc.a(lib_a-mallocr.o)
 .comment       0x00000000       0x2b /Users/william/Applications/openlpc/bin/../lib/gcc/arm-none-eabi/4.5.2/../../../../arm-none-eabi/lib/libc.a(lib_a-memchr.o)
 .comment       0x00000000       0x2b /Users/william/Applications/openlpc/bin/../lib/gcc/arm-none-eabi/4.5.2/../../../../arm-none-eabi/lib/libc.a(lib_a-memcpy.o)
 .comment       0x00000000       0x2b /Users/william/Applications/openlpc/bin/../lib/gcc/arm-none-eabi/4.5.2/../../../../arm-none-eabi/lib/libc.a(lib_a-memset.o)
 .comment       0x00000000       0x2b /Users/william/Applications/openlpc/bin/../lib/gcc/arm-none-eabi/4.5.2/../../../../arm-none-eabi/lib/libc.a(lib_a-mlock.o)
 .comment       0x00000000       0x2b /Users/william/Applications/openlpc/bin/../lib/gcc/arm-none-eabi/4.5.2/../../../../arm-none-eabi/lib/libc.a(lib_a-mprec.o)
 .comment       0x00000000       0x2b /Users/william/Applications/openlpc/bin/../lib/gcc/arm-none-eabi/4.5.2/../../../../arm-none-eabi/lib/libc.a(lib_a-s_fpclassify.o)
 .comment       0x00000000       0x2b /Users/william/Applications/openlpc/bin/../lib/gcc/arm-none-eabi/4.5.2/../../../../arm-none-eabi/lib/libc.a(lib_a-sbrkr.o)
 .comment       0x00000000       0x2b /Users/william/Applications/openlpc/bin/../lib/gcc/arm-none-eabi/4.5.2/../../../../arm-none-eabi/lib/libc.a(lib_a-stdio.o)
 .comment       0x00000000       0x2b /Users/william/Applications/openlpc/bin/../lib/gcc/arm-none-eabi/4.5.2/../../../../arm-none-eabi/lib/libc.a(lib_a-strcmp.o)
 .comment       0x00000000       0x2b /Users/william/Applications/openlpc/bin/../lib/gcc/arm-none-eabi/4.5.2/../../../../arm-none-eabi/lib/libc.a(lib_a-strlen.o)
 .comment       0x00000000       0x2b /Users/william/Applications/openlpc/bin/../lib/gcc/arm-none-eabi/4.5.2/../../../../arm-none-eabi/lib/libc.a(lib_a-vfiprintf.o)
 .comment       0x00000000       0x2b /Users/william/Applications/openlpc/bin/../lib/gcc/arm-none-eabi/4.5.2/../../../../arm-none-eabi/lib/libc.a(lib_a-writer.o)
 .comment       0x00000000       0x2b /Users/william/Applications/openlpc/bin/../lib/gcc/arm-none-eabi/4.5.2/../../../../arm-none-eabi/lib/libc.a(lib_a-callocr.o)
 .comment       0x00000000       0x2b /Users/william/Applications/openlpc/bin/../lib/gcc/arm-none-eabi/4.5.2/../../../../arm-none-eabi/lib/libc.a(lib_a-closer.o)
 .comment       0x00000000       0x2b /Users/william/Applications/openlpc/bin/../lib/gcc/arm-none-eabi/4.5.2/../../../../arm-none-eabi/lib/libc.a(lib_a-fclose.o)
 .comment       0x00000000       0x2b /Users/william/Applications/openlpc/bin/../lib/gcc/arm-none-eabi/4.5.2/../../../../arm-none-eabi/lib/libc.a(lib_a-fputwc.o)
 .comment       0x00000000       0x2b /Users/william/Applications/openlpc/bin/../lib/gcc/arm-none-eabi/4.5.2/../../../../arm-none-eabi/lib/libc.a(lib_a-fstatr.o)
 .comment       0x00000000       0x2b /Users/william/Applications/openlpc/bin/../lib/gcc/arm-none-eabi/4.5.2/../../../../arm-none-eabi/lib/libc.a(lib_a-fvwrite.o)
 .comment       0x00000000       0x2b /Users/william/Applications/openlpc/bin/../lib/gcc/arm-none-eabi/4.5.2/../../../../arm-none-eabi/lib/libc.a(lib_a-isattyr.o)
 .comment       0x00000000       0x2b /Users/william/Applications/openlpc/bin/../lib/gcc/arm-none-eabi/4.5.2/../../../../arm-none-eabi/lib/libc.a(lib_a-lseekr.o)
 .comment       0x00000000       0x2b /Users/william/Applications/openlpc/bin/../lib/gcc/arm-none-eabi/4.5.2/../../../../arm-none-eabi/lib/libc.a(lib_a-memmove.o)
 .comment       0x00000000       0x2b /Users/william/Applications/openlpc/bin/../lib/gcc/arm-none-eabi/4.5.2/../../../../arm-none-eabi/lib/libc.a(lib_a-readr.o)
 .comment       0x00000000       0x2b /Users/william/Applications/openlpc/bin/../lib/gcc/arm-none-eabi/4.5.2/../../../../arm-none-eabi/lib/libc.a(lib_a-reallocr.o)
 .comment       0x00000000       0x2b /Users/william/Applications/openlpc/bin/../lib/gcc/arm-none-eabi/4.5.2/../../../../arm-none-eabi/lib/libc.a(lib_a-reent.o)
 .comment       0x00000000       0x2b /Users/william/Applications/openlpc/bin/../lib/gcc/arm-none-eabi/4.5.2/../../../../arm-none-eabi/lib/libc.a(lib_a-wbuf.o)
 .comment       0x00000000       0x2b /Users/william/Applications/openlpc/bin/../lib/gcc/arm-none-eabi/4.5.2/../../../../arm-none-eabi/lib/libc.a(lib_a-wcrtomb.o)
 .comment       0x00000000       0x2b /Users/william/Applications/openlpc/bin/../lib/gcc/arm-none-eabi/4.5.2/../../../../arm-none-eabi/lib/libc.a(lib_a-wctomb_r.o)
 .comment       0x00000000       0x2b /Users/william/Applications/openlpc/bin/../lib/gcc/arm-none-eabi/4.5.2/../../../../arm-none-eabi/lib/libstartup.lpc2148.a(syscalls.o)
 .comment       0x00000000       0x2b /Users/william/Applications/openlpc/bin/../lib/gcc/arm-none-eabi/4.5.2/../../../../arm-none-eabi/lib/liblpc2148.lpc2148.a(openlpc.o)
 .comment       0x00000000       0x2b /Users/william/Applications/openlpc/bin/../lib/gcc/arm-none-eabi/4.5.2/libgcc.a(bpabi.o)
 .comment       0x00000000       0x2b /Users/william/Applications/openlpc/bin/../lib/gcc/arm-none-eabi/4.5.2/libgcc.a(_divdi3.o)
 .comment       0x00000000       0x2b /Users/william/Applications/openlpc/bin/../lib/gcc/arm-none-eabi/4.5.2/libgcc.a(_udivdi3.o)

.debug_aranges  0x00000000      0x180
 *(.debug_aranges)
 .debug_aranges
                0x00000000       0x20 /Users/william/Applications/openlpc/bin/../lib/gcc/arm-none-eabi/4.5.2/libgcc.a(_udivsi3.o)
 .debug_aranges
                0x00000020       0x20 /Users/william/Applications/openlpc/bin/../lib/gcc/arm-none-eabi/4.5.2/libgcc.a(_divsi3.o)
 .debug_aranges
                0x00000040       0x20 /Users/william/Applications/openlpc/bin/../lib/gcc/arm-none-eabi/4.5.2/libgcc.a(_dvmd_tls.o)
 .debug_aranges
                0x00000060       0x20 /Users/william/Applications/openlpc/bin/../lib/gcc/arm-none-eabi/4.5.2/libgcc.a(_arm_addsubdf3.o)
 .debug_aranges
                0x00000080       0x20 /Users/william/Applications/openlpc/bin/../lib/gcc/arm-none-eabi/4.5.2/libgcc.a(_arm_muldivdf3.o)
 .debug_aranges
                0x000000a0       0x20 /Users/william/Applications/openlpc/bin/../lib/gcc/arm-none-eabi/4.5.2/libgcc.a(_arm_cmpdf2.o)
 .debug_aranges
                0x000000c0       0x20 /Users/william/Applications/openlpc/bin/../lib/gcc/arm-none-eabi/4.5.2/libgcc.a(_arm_fixdfsi.o)
 .debug_aranges
                0x000000e0       0x20 /Users/william/Applications/openlpc/bin/../lib/gcc/arm-none-eabi/4.5.2/libgcc.a(_aeabi_uldivmod.o)
 .debug_aranges
                0x00000100       0x20 /Users/william/Applications/openlpc/bin/../lib/gcc/arm-none-eabi/4.5.2/libgcc.a(bpabi.o)
 .debug_aranges
                0x00000120       0x20 /Users/william/Applications/openlpc/bin/../lib/gcc/arm-none-eabi/4.5.2/libgcc.a(_divdi3.o)
 .debug_aranges
                0x00000140       0x20 /Users/william/Applications/openlpc/bin/../lib/gcc/arm-none-eabi/4.5.2/libgcc.a(_udivdi3.o)
 .debug_aranges
                0x00000160       0x20 /Users/william/Applications/openlpc/bin/../lib/gcc/arm-none-eabi/4.5.2/libgcc.a(_clzsi2.o)

.debug_pubnames
                0x00000000       0x84
 *(.debug_pubnames)
 .debug_pubnames
                0x00000000       0x45 /Users/william/Applications/openlpc/bin/../lib/gcc/arm-none-eabi/4.5.2/libgcc.a(bpabi.o)
 .debug_pubnames
                0x00000045       0x1f /Users/william/Applications/openlpc/bin/../lib/gcc/arm-none-eabi/4.5.2/libgcc.a(_divdi3.o)
 .debug_pubnames
                0x00000064       0x20 /Users/william/Applications/openlpc/bin/../lib/gcc/arm-none-eabi/4.5.2/libgcc.a(_udivdi3.o)

.debug_info     0x00000000     0x124f
 *(.debug_info .gnu.linkonce.wi.*)
 .debug_info    0x00000000       0xa8 /Users/william/Applications/openlpc/bin/../lib/gcc/arm-none-eabi/4.5.2/libgcc.a(_udivsi3.o)
 .debug_info    0x000000a8       0xa8 /Users/william/Applications/openlpc/bin/../lib/gcc/arm-none-eabi/4.5.2/libgcc.a(_divsi3.o)
 .debug_info    0x00000150       0xa8 /Users/william/Applications/openlpc/bin/../lib/gcc/arm-none-eabi/4.5.2/libgcc.a(_dvmd_tls.o)
 .debug_info    0x000001f8       0xa7 /Users/william/Applications/openlpc/bin/../lib/gcc/arm-none-eabi/4.5.2/libgcc.a(_arm_addsubdf3.o)
 .debug_info    0x0000029f       0xa7 /Users/william/Applications/openlpc/bin/../lib/gcc/arm-none-eabi/4.5.2/libgcc.a(_arm_muldivdf3.o)
 .debug_info    0x00000346       0xa7 /Users/william/Applications/openlpc/bin/../lib/gcc/arm-none-eabi/4.5.2/libgcc.a(_arm_cmpdf2.o)
 .debug_info    0x000003ed       0xa7 /Users/william/Applications/openlpc/bin/../lib/gcc/arm-none-eabi/4.5.2/libgcc.a(_arm_fixdfsi.o)
 .debug_info    0x00000494       0xa2 /Users/william/Applications/openlpc/bin/../lib/gcc/arm-none-eabi/4.5.2/libgcc.a(_aeabi_uldivmod.o)
 .debug_info    0x00000536       0xf0 /Users/william/Applications/openlpc/bin/../lib/gcc/arm-none-eabi/4.5.2/libgcc.a(bpabi.o)
 .debug_info    0x00000626      0x5e1 /Users/william/Applications/openlpc/bin/../lib/gcc/arm-none-eabi/4.5.2/libgcc.a(_divdi3.o)
 .debug_info    0x00000c07      0x5a0 /Users/william/Applications/openlpc/bin/../lib/gcc/arm-none-eabi/4.5.2/libgcc.a(_udivdi3.o)
 .debug_info    0x000011a7       0xa8 /Users/william/Applications/openlpc/bin/../lib/gcc/arm-none-eabi/4.5.2/libgcc.a(_clzsi2.o)

.debug_abbrev   0x00000000      0x3d7
 *(.debug_abbrev)
 .debug_abbrev  0x00000000       0x14 /Users/william/Applications/openlpc/bin/../lib/gcc/arm-none-eabi/4.5.2/libgcc.a(_udivsi3.o)
 .debug_abbrev  0x00000014       0x14 /Users/william/Applications/openlpc/bin/../lib/gcc/arm-none-eabi/4.5.2/libgcc.a(_divsi3.o)
 .debug_abbrev  0x00000028       0x14 /Users/william/Applications/openlpc/bin/../lib/gcc/arm-none-eabi/4.5.2/libgcc.a(_dvmd_tls.o)
 .debug_abbrev  0x0000003c       0x14 /Users/william/Applications/openlpc/bin/../lib/gcc/arm-none-eabi/4.5.2/libgcc.a(_arm_addsubdf3.o)
 .debug_abbrev  0x00000050       0x14 /Users/william/Applications/openlpc/bin/../lib/gcc/arm-none-eabi/4.5.2/libgcc.a(_arm_muldivdf3.o)
 .debug_abbrev  0x00000064       0x14 /Users/william/Applications/openlpc/bin/../lib/gcc/arm-none-eabi/4.5.2/libgcc.a(_arm_cmpdf2.o)
 .debug_abbrev  0x00000078       0x14 /Users/william/Applications/openlpc/bin/../lib/gcc/arm-none-eabi/4.5.2/libgcc.a(_arm_fixdfsi.o)
 .debug_abbrev  0x0000008c       0x14 /Users/william/Applications/openlpc/bin/../lib/gcc/arm-none-eabi/4.5.2/libgcc.a(_aeabi_uldivmod.o)
 .debug_abbrev  0x000000a0       0x6e /Users/william/Applications/openlpc/bin/../lib/gcc/arm-none-eabi/4.5.2/libgcc.a(bpabi.o)
 .debug_abbrev  0x0000010e      0x162 /Users/william/Applications/openlpc/bin/../lib/gcc/arm-none-eabi/4.5.2/libgcc.a(_divdi3.o)
 .debug_abbrev  0x00000270      0x153 /Users/william/Applications/openlpc/bin/../lib/gcc/arm-none-eabi/4.5.2/libgcc.a(_udivdi3.o)
 .debug_abbrev  0x000003c3       0x14 /Users/william/Applications/openlpc/bin/../lib/gcc/arm-none-eabi/4.5.2/libgcc.a(_clzsi2.o)

.debug_line     0x00000000      0x84b
 *(.debug_line)
 .debug_line    0x00000000       0x88 /Users/william/Applications/openlpc/bin/../lib/gcc/arm-none-eabi/4.5.2/libgcc.a(_udivsi3.o)
 .debug_line    0x00000088       0x94 /Users/william/Applications/openlpc/bin/../lib/gcc/arm-none-eabi/4.5.2/libgcc.a(_divsi3.o)
 .debug_line    0x0000011c       0x5f /Users/william/Applications/openlpc/bin/../lib/gcc/arm-none-eabi/4.5.2/libgcc.a(_dvmd_tls.o)
 .debug_line    0x0000017b      0x164 /Users/william/Applications/openlpc/bin/../lib/gcc/arm-none-eabi/4.5.2/libgcc.a(_arm_addsubdf3.o)
 .debug_line    0x000002df      0x17c /Users/william/Applications/openlpc/bin/../lib/gcc/arm-none-eabi/4.5.2/libgcc.a(_arm_muldivdf3.o)
 .debug_line    0x0000045b       0xaa /Users/william/Applications/openlpc/bin/../lib/gcc/arm-none-eabi/4.5.2/libgcc.a(_arm_cmpdf2.o)
 .debug_line    0x00000505       0x74 /Users/william/Applications/openlpc/bin/../lib/gcc/arm-none-eabi/4.5.2/libgcc.a(_arm_fixdfsi.o)
 .debug_line    0x00000579       0x62 /Users/william/Applications/openlpc/bin/../lib/gcc/arm-none-eabi/4.5.2/libgcc.a(_aeabi_uldivmod.o)
 .debug_line    0x000005db       0x61 /Users/william/Applications/openlpc/bin/../lib/gcc/arm-none-eabi/4.5.2/libgcc.a(bpabi.o)
 .debug_line    0x0000063c       0xdc /Users/william/Applications/openlpc/bin/../lib/gcc/arm-none-eabi/4.5.2/libgcc.a(_divdi3.o)
 .debug_line    0x00000718       0xc7 /Users/william/Applications/openlpc/bin/../lib/gcc/arm-none-eabi/4.5.2/libgcc.a(_udivdi3.o)
 .debug_line    0x000007df       0x6c /Users/william/Applications/openlpc/bin/../lib/gcc/arm-none-eabi/4.5.2/libgcc.a(_clzsi2.o)

.debug_frame    0x00000000      0x100
 *(.debug_frame)
 .debug_frame   0x00000000       0x20 /Users/william/Applications/openlpc/bin/../lib/gcc/arm-none-eabi/4.5.2/libgcc.a(_udivsi3.o)
 .debug_frame   0x00000020       0x20 /Users/william/Applications/openlpc/bin/../lib/gcc/arm-none-eabi/4.5.2/libgcc.a(_divsi3.o)
 .debug_frame   0x00000040       0x50 /Users/william/Applications/openlpc/bin/../lib/gcc/arm-none-eabi/4.5.2/libgcc.a(bpabi.o)
 .debug_frame   0x00000090       0x38 /Users/william/Applications/openlpc/bin/../lib/gcc/arm-none-eabi/4.5.2/libgcc.a(_divdi3.o)
 .debug_frame   0x000000c8       0x38 /Users/william/Applications/openlpc/bin/../lib/gcc/arm-none-eabi/4.5.2/libgcc.a(_udivdi3.o)

.debug_str      0x00000000      0x1c3
 *(.debug_str)
 .debug_str     0x00000000       0xe8 /Users/william/Applications/openlpc/bin/../lib/gcc/arm-none-eabi/4.5.2/libgcc.a(bpabi.o)
 .debug_str     0x000000e8       0xd1 /Users/william/Applications/openlpc/bin/../lib/gcc/arm-none-eabi/4.5.2/libgcc.a(_divdi3.o)
                                0x19d (size before relaxing)
 .debug_str     0x000001b9        0xa /Users/william/Applications/openlpc/bin/../lib/gcc/arm-none-eabi/4.5.2/libgcc.a(_udivdi3.o)
                                0x19e (size before relaxing)

.debug_loc      0x00000000     0x143f
 *(.debug_loc)
 .debug_loc     0x00000000       0xa0 /Users/william/Applications/openlpc/bin/../lib/gcc/arm-none-eabi/4.5.2/libgcc.a(bpabi.o)
 .debug_loc     0x000000a0      0x9cd /Users/william/Applications/openlpc/bin/../lib/gcc/arm-none-eabi/4.5.2/libgcc.a(_divdi3.o)
 .debug_loc     0x00000a6d      0x9d2 /Users/william/Applications/openlpc/bin/../lib/gcc/arm-none-eabi/4.5.2/libgcc.a(_udivdi3.o)

.debug_macinfo
 *(.debug_macinfo)

.debug_ranges   0x00000000      0x168
 *(.debug_ranges)
 .debug_ranges  0x00000000       0xb0 /Users/william/Applications/openlpc/bin/../lib/gcc/arm-none-eabi/4.5.2/libgcc.a(_divdi3.o)
 .debug_ranges  0x000000b0       0xb8 /Users/william/Applications/openlpc/bin/../lib/gcc/arm-none-eabi/4.5.2/libgcc.a(_udivdi3.o)

.debug_weaknames
 *(.debug_weaknames)

.debug_funcnames
 *(.debug_funcnames)

.debug_typenames
 *(.debug_typenames)

.debug_varnames
 *(.debug_varnames)

.note.gnu.arm.ident
 *(.note.gnu.arm.ident)

.ARM.attributes
                0x00000000       0x32
 *(.ARM.attributes)
 .ARM.attributes
                0x00000000       0x34 main.o
 .ARM.attributes
                0x00000034       0x34 /Users/william/Applications/openlpc/bin/../lib/gcc/arm-none-eabi/4.5.2/../../../../arm-none-eabi/lib/libc.a(lib_a-printf.o)
 .ARM.attributes
                0x00000068       0x34 /Users/william/Applications/openlpc/bin/../lib/gcc/arm-none-eabi/4.5.2/../../../../arm-none-eabi/lib/libc.a(lib_a-vfprintf.o)
 .ARM.attributes
                0x0000009c       0x34 /Users/william/Applications/openlpc/bin/../lib/gcc/arm-none-eabi/4.5.2/../../../../arm-none-eabi/lib/libc.a(lib_a-wsetup.o)
 .ARM.attributes
                0x000000d0       0x34 /Users/william/Applications/openlpc/bin/../lib/gcc/arm-none-eabi/4.5.2/../../../../arm-none-eabi/lib/libc.a(lib_a-dtoa.o)
 .ARM.attributes
                0x00000104       0x34 /Users/william/Applications/openlpc/bin/../lib/gcc/arm-none-eabi/4.5.2/../../../../arm-none-eabi/lib/libc.a(lib_a-fflush.o)
 .ARM.attributes
                0x00000138       0x34 /Users/william/Applications/openlpc/bin/../lib/gcc/arm-none-eabi/4.5.2/../../../../arm-none-eabi/lib/libc.a(lib_a-findfp.o)
 .ARM.attributes
                0x0000016c       0x34 /Users/william/Applications/openlpc/bin/../lib/gcc/arm-none-eabi/4.5.2/../../../../arm-none-eabi/lib/libc.a(lib_a-freer.o)
 .ARM.attributes
                0x000001a0       0x34 /Users/william/Applications/openlpc/bin/../lib/gcc/arm-none-eabi/4.5.2/../../../../arm-none-eabi/lib/libc.a(lib_a-fwalk.o)
 .ARM.attributes
                0x000001d4       0x34 /Users/william/Applications/openlpc/bin/../lib/gcc/arm-none-eabi/4.5.2/../../../../arm-none-eabi/lib/libc.a(lib_a-impure.o)
 .ARM.attributes
                0x00000208       0x34 /Users/william/Applications/openlpc/bin/../lib/gcc/arm-none-eabi/4.5.2/../../../../arm-none-eabi/lib/libc.a(lib_a-locale.o)
 .ARM.attributes
                0x0000023c       0x34 /Users/william/Applications/openlpc/bin/../lib/gcc/arm-none-eabi/4.5.2/../../../../arm-none-eabi/lib/libc.a(lib_a-makebuf.o)
 .ARM.attributes
                0x00000270       0x34 /Users/william/Applications/openlpc/bin/../lib/gcc/arm-none-eabi/4.5.2/../../../../arm-none-eabi/lib/libc.a(lib_a-mallocr.o)
 .ARM.attributes
                0x000002a4       0x34 /Users/william/Applications/openlpc/bin/../lib/gcc/arm-none-eabi/4.5.2/../../../../arm-none-eabi/lib/libc.a(lib_a-memchr.o)
 .ARM.attributes
                0x000002d8       0x34 /Users/william/Applications/openlpc/bin/../lib/gcc/arm-none-eabi/4.5.2/../../../../arm-none-eabi/lib/libc.a(lib_a-memcpy.o)
 .ARM.attributes
                0x0000030c       0x34 /Users/william/Applications/openlpc/bin/../lib/gcc/arm-none-eabi/4.5.2/../../../../arm-none-eabi/lib/libc.a(lib_a-memset.o)
 .ARM.attributes
                0x00000340       0x34 /Users/william/Applications/openlpc/bin/../lib/gcc/arm-none-eabi/4.5.2/../../../../arm-none-eabi/lib/libc.a(lib_a-mlock.o)
 .ARM.attributes
                0x00000374       0x34 /Users/william/Applications/openlpc/bin/../lib/gcc/arm-none-eabi/4.5.2/../../../../arm-none-eabi/lib/libc.a(lib_a-mprec.o)
 .ARM.attributes
                0x000003a8       0x34 /Users/william/Applications/openlpc/bin/../lib/gcc/arm-none-eabi/4.5.2/../../../../arm-none-eabi/lib/libc.a(lib_a-s_fpclassify.o)
 .ARM.attributes
                0x000003dc       0x34 /Users/william/Applications/openlpc/bin/../lib/gcc/arm-none-eabi/4.5.2/../../../../arm-none-eabi/lib/libc.a(lib_a-sbrkr.o)
 .ARM.attributes
                0x00000410       0x34 /Users/william/Applications/openlpc/bin/../lib/gcc/arm-none-eabi/4.5.2/../../../../arm-none-eabi/lib/libc.a(lib_a-stdio.o)
 .ARM.attributes
                0x00000444       0x34 /Users/william/Applications/openlpc/bin/../lib/gcc/arm-none-eabi/4.5.2/../../../../arm-none-eabi/lib/libc.a(lib_a-strcmp.o)
 .ARM.attributes
                0x00000478       0x34 /Users/william/Applications/openlpc/bin/../lib/gcc/arm-none-eabi/4.5.2/../../../../arm-none-eabi/lib/libc.a(lib_a-strlen.o)
 .ARM.attributes
                0x000004ac       0x34 /Users/william/Applications/openlpc/bin/../lib/gcc/arm-none-eabi/4.5.2/../../../../arm-none-eabi/lib/libc.a(lib_a-vfiprintf.o)
 .ARM.attributes
                0x000004e0       0x34 /Users/william/Applications/openlpc/bin/../lib/gcc/arm-none-eabi/4.5.2/../../../../arm-none-eabi/lib/libc.a(lib_a-writer.o)
 .ARM.attributes
                0x00000514       0x34 /Users/william/Applications/openlpc/bin/../lib/gcc/arm-none-eabi/4.5.2/../../../../arm-none-eabi/lib/libc.a(lib_a-callocr.o)
 .ARM.attributes
                0x00000548       0x34 /Users/william/Applications/openlpc/bin/../lib/gcc/arm-none-eabi/4.5.2/../../../../arm-none-eabi/lib/libc.a(lib_a-closer.o)
 .ARM.attributes
                0x0000057c       0x34 /Users/william/Applications/openlpc/bin/../lib/gcc/arm-none-eabi/4.5.2/../../../../arm-none-eabi/lib/libc.a(lib_a-fclose.o)
 .ARM.attributes
                0x000005b0       0x34 /Users/william/Applications/openlpc/bin/../lib/gcc/arm-none-eabi/4.5.2/../../../../arm-none-eabi/lib/libc.a(lib_a-fputwc.o)
 .ARM.attributes
                0x000005e4       0x34 /Users/william/Applications/openlpc/bin/../lib/gcc/arm-none-eabi/4.5.2/../../../../arm-none-eabi/lib/libc.a(lib_a-fstatr.o)
 .ARM.attributes
                0x00000618       0x34 /Users/william/Applications/openlpc/bin/../lib/gcc/arm-none-eabi/4.5.2/../../../../arm-none-eabi/lib/libc.a(lib_a-fvwrite.o)
 .ARM.attributes
                0x0000064c       0x34 /Users/william/Applications/openlpc/bin/../lib/gcc/arm-none-eabi/4.5.2/../../../../arm-none-eabi/lib/libc.a(lib_a-isattyr.o)
 .ARM.attributes
                0x00000680       0x34 /Users/william/Applications/openlpc/bin/../lib/gcc/arm-none-eabi/4.5.2/../../../../arm-none-eabi/lib/libc.a(lib_a-lseekr.o)
 .ARM.attributes
                0x000006b4       0x34 /Users/william/Applications/openlpc/bin/../lib/gcc/arm-none-eabi/4.5.2/../../../../arm-none-eabi/lib/libc.a(lib_a-memmove.o)
 .ARM.attributes
                0x000006e8       0x34 /Users/william/Applications/openlpc/bin/../lib/gcc/arm-none-eabi/4.5.2/../../../../arm-none-eabi/lib/libc.a(lib_a-readr.o)
 .ARM.attributes
                0x0000071c       0x34 /Users/william/Applications/openlpc/bin/../lib/gcc/arm-none-eabi/4.5.2/../../../../arm-none-eabi/lib/libc.a(lib_a-reallocr.o)
 .ARM.attributes
                0x00000750       0x34 /Users/william/Applications/openlpc/bin/../lib/gcc/arm-none-eabi/4.5.2/../../../../arm-none-eabi/lib/libc.a(lib_a-reent.o)
 .ARM.attributes
                0x00000784       0x34 /Users/william/Applications/openlpc/bin/../lib/gcc/arm-none-eabi/4.5.2/../../../../arm-none-eabi/lib/libc.a(lib_a-wbuf.o)
 .ARM.attributes
                0x000007b8       0x34 /Users/william/Applications/openlpc/bin/../lib/gcc/arm-none-eabi/4.5.2/../../../../arm-none-eabi/lib/libc.a(lib_a-wcrtomb.o)
 .ARM.attributes
                0x000007ec       0x34 /Users/william/Applications/openlpc/bin/../lib/gcc/arm-none-eabi/4.5.2/../../../../arm-none-eabi/lib/libc.a(lib_a-wctomb_r.o)
 .ARM.attributes
                0x00000820       0x34 /Users/william/Applications/openlpc/bin/../lib/gcc/arm-none-eabi/4.5.2/../../../../arm-none-eabi/lib/libstartup.lpc2148.a(syscalls.o)
 .ARM.attributes
                0x00000854       0x24 /Users/william/Applications/openlpc/bin/../lib/gcc/arm-none-eabi/4.5.2/../../../../arm-none-eabi/lib/libstartup.lpc2148.a(crt0.o)
 .ARM.attributes
                0x00000878       0x34 /Users/william/Applications/openlpc/bin/../lib/gcc/arm-none-eabi/4.5.2/../../../../arm-none-eabi/lib/liblpc2148.lpc2148.a(openlpc.o)
 .ARM.attributes
                0x000008ac       0x1a /Users/william/Applications/openlpc/bin/../lib/gcc/arm-none-eabi/4.5.2/libgcc.a(_udivsi3.o)
 .ARM.attributes
                0x000008c6       0x1a /Users/william/Applications/openlpc/bin/../lib/gcc/arm-none-eabi/4.5.2/libgcc.a(_divsi3.o)
 .ARM.attributes
                0x000008e0       0x18 /Users/william/Applications/openlpc/bin/../lib/gcc/arm-none-eabi/4.5.2/libgcc.a(_dvmd_tls.o)
 .ARM.attributes
                0x000008f8       0x1a /Users/william/Applications/openlpc/bin/../lib/gcc/arm-none-eabi/4.5.2/libgcc.a(_arm_addsubdf3.o)
 .ARM.attributes
                0x00000912       0x1a /Users/william/Applications/openlpc/bin/../lib/gcc/arm-none-eabi/4.5.2/libgcc.a(_arm_muldivdf3.o)
 .ARM.attributes
                0x0000092c       0x1a /Users/william/Applications/openlpc/bin/../lib/gcc/arm-none-eabi/4.5.2/libgcc.a(_arm_cmpdf2.o)
 .ARM.attributes
                0x00000946       0x1a /Users/william/Applications/openlpc/bin/../lib/gcc/arm-none-eabi/4.5.2/libgcc.a(_arm_fixdfsi.o)
 .ARM.attributes
                0x00000960       0x1a /Users/william/Applications/openlpc/bin/../lib/gcc/arm-none-eabi/4.5.2/libgcc.a(_aeabi_uldivmod.o)
 .ARM.attributes
                0x0000097a       0x34 /Users/william/Applications/openlpc/bin/../lib/gcc/arm-none-eabi/4.5.2/libgcc.a(bpabi.o)
 .ARM.attributes
                0x000009ae       0x34 /Users/william/Applications/openlpc/bin/../lib/gcc/arm-none-eabi/4.5.2/libgcc.a(_divdi3.o)
 .ARM.attributes
                0x000009e2       0x34 /Users/william/Applications/openlpc/bin/../lib/gcc/arm-none-eabi/4.5.2/libgcc.a(_udivdi3.o)
 .ARM.attributes
                0x00000a16       0x1a /Users/william/Applications/openlpc/bin/../lib/gcc/arm-none-eabi/4.5.2/libgcc.a(_clzsi2.o)

/DISCARD/
 *(.note.GNU-stack)
OUTPUT(ece30test.lpc2148.elf elf32-littlearm)

.debug_pubtypes
                0x00000000       0xb2
 .debug_pubtypes
                0x00000000       0x59 /Users/william/Applications/openlpc/bin/../lib/gcc/arm-none-eabi/4.5.2/libgcc.a(_divdi3.o)
 .debug_pubtypes
                0x00000059       0x59 /Users/william/Applications/openlpc/bin/../lib/gcc/arm-none-eabi/4.5.2/libgcc.a(_udivdi3.o)
